Archive member included to satisfy reference by file (symbol)

/opt/st/stm32cubeide_1.16.1/plugins/com.st.stm32cube.ide.mcu.externaltools.gnu-tools-for-stm32.12.3.rel1.linux64_1.0.200.202406132123/tools/bin/../lib/gcc/arm-none-eabi/12.3.1/../../../../arm-none-eabi/lib/thumb/v6-m/nofp/libstdc++_nano.a(del_ops.o)
                              ./System/App/app.o (operator delete(void*, unsigned int))
/opt/st/stm32cubeide_1.16.1/plugins/com.st.stm32cube.ide.mcu.externaltools.gnu-tools-for-stm32.12.3.rel1.linux64_1.0.200.202406132123/tools/bin/../lib/gcc/arm-none-eabi/12.3.1/../../../../arm-none-eabi/lib/thumb/v6-m/nofp/libstdc++_nano.a(new_op.o)
                              ./System/App/app.o (operator new(unsigned int))
/opt/st/stm32cubeide_1.16.1/plugins/com.st.stm32cube.ide.mcu.externaltools.gnu-tools-for-stm32.12.3.rel1.linux64_1.0.200.202406132123/tools/bin/../lib/gcc/arm-none-eabi/12.3.1/../../../../arm-none-eabi/lib/thumb/v6-m/nofp/libstdc++_nano.a(functexcept.o)
                              ./System/App/app.o (std::__throw_logic_error(char const*))
/opt/st/stm32cubeide_1.16.1/plugins/com.st.stm32cube.ide.mcu.externaltools.gnu-tools-for-stm32.12.3.rel1.linux64_1.0.200.202406132123/tools/bin/../lib/gcc/arm-none-eabi/12.3.1/../../../../arm-none-eabi/lib/thumb/v6-m/nofp/libstdc++_nano.a(del_op.o)
                              /opt/st/stm32cubeide_1.16.1/plugins/com.st.stm32cube.ide.mcu.externaltools.gnu-tools-for-stm32.12.3.rel1.linux64_1.0.200.202406132123/tools/bin/../lib/gcc/arm-none-eabi/12.3.1/../../../../arm-none-eabi/lib/thumb/v6-m/nofp/libstdc++_nano.a(del_ops.o) (operator delete(void*))
/opt/st/stm32cubeide_1.16.1/plugins/com.st.stm32cube.ide.mcu.externaltools.gnu-tools-for-stm32.12.3.rel1.linux64_1.0.200.202406132123/tools/bin/../lib/gcc/arm-none-eabi/12.3.1/../../../../arm-none-eabi/lib/thumb/v6-m/nofp/libstdc++_nano.a(new_handler.o)
                              /opt/st/stm32cubeide_1.16.1/plugins/com.st.stm32cube.ide.mcu.externaltools.gnu-tools-for-stm32.12.3.rel1.linux64_1.0.200.202406132123/tools/bin/../lib/gcc/arm-none-eabi/12.3.1/../../../../arm-none-eabi/lib/thumb/v6-m/nofp/libstdc++_nano.a(new_op.o) (std::get_new_handler())
/opt/st/stm32cubeide_1.16.1/plugins/com.st.stm32cube.ide.mcu.externaltools.gnu-tools-for-stm32.12.3.rel1.linux64_1.0.200.202406132123/tools/bin/../lib/gcc/arm-none-eabi/12.3.1/../../../../arm-none-eabi/lib/thumb/v6-m/nofp/libm.a(libm_a-sf_cos.o)
                              ./Lib/ssd1306/ssd1306.o (cosf)
/opt/st/stm32cubeide_1.16.1/plugins/com.st.stm32cube.ide.mcu.externaltools.gnu-tools-for-stm32.12.3.rel1.linux64_1.0.200.202406132123/tools/bin/../lib/gcc/arm-none-eabi/12.3.1/../../../../arm-none-eabi/lib/thumb/v6-m/nofp/libm.a(libm_a-sf_sin.o)
                              ./Lib/ssd1306/ssd1306.o (sinf)
/opt/st/stm32cubeide_1.16.1/plugins/com.st.stm32cube.ide.mcu.externaltools.gnu-tools-for-stm32.12.3.rel1.linux64_1.0.200.202406132123/tools/bin/../lib/gcc/arm-none-eabi/12.3.1/../../../../arm-none-eabi/lib/thumb/v6-m/nofp/libm.a(libm_a-kf_cos.o)
                              /opt/st/stm32cubeide_1.16.1/plugins/com.st.stm32cube.ide.mcu.externaltools.gnu-tools-for-stm32.12.3.rel1.linux64_1.0.200.202406132123/tools/bin/../lib/gcc/arm-none-eabi/12.3.1/../../../../arm-none-eabi/lib/thumb/v6-m/nofp/libm.a(libm_a-sf_cos.o) (__kernel_cosf)
/opt/st/stm32cubeide_1.16.1/plugins/com.st.stm32cube.ide.mcu.externaltools.gnu-tools-for-stm32.12.3.rel1.linux64_1.0.200.202406132123/tools/bin/../lib/gcc/arm-none-eabi/12.3.1/../../../../arm-none-eabi/lib/thumb/v6-m/nofp/libm.a(libm_a-kf_sin.o)
                              /opt/st/stm32cubeide_1.16.1/plugins/com.st.stm32cube.ide.mcu.externaltools.gnu-tools-for-stm32.12.3.rel1.linux64_1.0.200.202406132123/tools/bin/../lib/gcc/arm-none-eabi/12.3.1/../../../../arm-none-eabi/lib/thumb/v6-m/nofp/libm.a(libm_a-sf_cos.o) (__kernel_sinf)
/opt/st/stm32cubeide_1.16.1/plugins/com.st.stm32cube.ide.mcu.externaltools.gnu-tools-for-stm32.12.3.rel1.linux64_1.0.200.202406132123/tools/bin/../lib/gcc/arm-none-eabi/12.3.1/../../../../arm-none-eabi/lib/thumb/v6-m/nofp/libm.a(libm_a-ef_rem_pio2.o)
                              /opt/st/stm32cubeide_1.16.1/plugins/com.st.stm32cube.ide.mcu.externaltools.gnu-tools-for-stm32.12.3.rel1.linux64_1.0.200.202406132123/tools/bin/../lib/gcc/arm-none-eabi/12.3.1/../../../../arm-none-eabi/lib/thumb/v6-m/nofp/libm.a(libm_a-sf_cos.o) (__ieee754_rem_pio2f)
/opt/st/stm32cubeide_1.16.1/plugins/com.st.stm32cube.ide.mcu.externaltools.gnu-tools-for-stm32.12.3.rel1.linux64_1.0.200.202406132123/tools/bin/../lib/gcc/arm-none-eabi/12.3.1/../../../../arm-none-eabi/lib/thumb/v6-m/nofp/libm.a(libm_a-sf_fabs.o)
                              /opt/st/stm32cubeide_1.16.1/plugins/com.st.stm32cube.ide.mcu.externaltools.gnu-tools-for-stm32.12.3.rel1.linux64_1.0.200.202406132123/tools/bin/../lib/gcc/arm-none-eabi/12.3.1/../../../../arm-none-eabi/lib/thumb/v6-m/nofp/libm.a(libm_a-ef_rem_pio2.o) (fabsf)
[...]
Memory Configuration

Name             Origin             Length             Attributes
RAM              0x20000000         0x00002000         xrw
FLASH            0x08000000         0x00008000         xr
*default*        0x00000000         0xffffffff

Linker script and memory map

LOAD /opt/st/stm32cubeide_1.16.1/plugins/com.st.stm32cube.ide.mcu.externaltools.gnu-tools-for-stm32.12.3.rel1.linux64_1.0.200.202406132123/tools/bin/../lib/gcc/arm-none-eabi/12.3.1/thumb/v6-m/nofp/crti.o
LOAD /opt/st/stm32cubeide_1.16.1/plugins/com.st.stm32cube.ide.mcu.externaltools.gnu-tools-for-stm32.12.3.rel1.linux64_1.0.200.202406132123/tools/bin/../lib/gcc/arm-none-eabi/12.3.1/thumb/v6-m/nofp/crtbegin.o
LOAD /opt/st/stm32cubeide_1.16.1/plugins/com.st.stm32cube.ide.mcu.externaltools.gnu-tools-for-stm32.12.3.rel1.linux64_1.0.200.202406132123/tools/bin/../lib/gcc/arm-none-eabi/12.3.1/../../../../arm-none-eabi/lib/thumb/v6-m/nofp/crt0.o
LOAD ./Core/Src/main.o
LOAD ./Core/Src/stm32g0xx_hal_msp.o
LOAD ./Core/Src/stm32g0xx_it.o
LOAD ./Core/Src/syscalls.o
LOAD ./Core/Src/sysmem.o
LOAD ./Core/Src/system_stm32g0xx.o
LOAD ./Core/Startup/startup_stm32g030f6px.o
LOAD ./Drivers/STM32G0xx_HAL_Driver/Src/stm32g0xx_hal.o
LOAD ./Drivers/STM32G0xx_HAL_Driver/Src/stm32g0xx_hal_cortex.o
LOAD ./Drivers/STM32G0xx_HAL_Driver/Src/stm32g0xx_hal_dma.o
LOAD ./Drivers/STM32G0xx_HAL_Driver/Src/stm32g0xx_hal_dma_ex.o
LOAD ./Drivers/STM32G0xx_HAL_Driver/Src/stm32g0xx_hal_exti.o
LOAD ./Drivers/STM32G0xx_HAL_Driver/Src/stm32g0xx_hal_flash.o
LOAD ./Drivers/STM32G0xx_HAL_Driver/Src/stm32g0xx_hal_flash_ex.o
LOAD ./Drivers/STM32G0xx_HAL_Driver/Src/stm32g0xx_hal_gpio.o
LOAD ./Drivers/STM32G0xx_HAL_Driver/Src/stm32g0xx_hal_i2c.o
LOAD ./Drivers/STM32G0xx_HAL_Driver/Src/stm32g0xx_hal_i2c_ex.o
LOAD ./Drivers/STM32G0xx_HAL_Driver/Src/stm32g0xx_hal_pwr.o
LOAD ./Drivers/STM32G0xx_HAL_Driver/Src/stm32g0xx_hal_pwr_ex.o
LOAD ./Drivers/STM32G0xx_HAL_Driver/Src/stm32g0xx_hal_rcc.o
LOAD ./Drivers/STM32G0xx_HAL_Driver/Src/stm32g0xx_hal_rcc_ex.o
LOAD ./Drivers/STM32G0xx_HAL_Driver/Src/stm32g0xx_hal_rtc.o
LOAD ./Drivers/STM32G0xx_HAL_Driver/Src/stm32g0xx_hal_rtc_ex.o
LOAD ./Drivers/STM32G0xx_HAL_Driver/Src/stm32g0xx_hal_tim.o
LOAD ./Drivers/STM32G0xx_HAL_Driver/Src/stm32g0xx_hal_tim_ex.o
LOAD ./Drivers/STM32G0xx_HAL_Driver/Src/stm32g0xx_ll_rcc.o
LOAD ./Lib/ssd1306/ssd1306.o
LOAD ./Lib/ssd1306/ssd1306_fonts.o
LOAD ./System/App/app.o
LOAD ./System/Key/key.o
LOAD ./System/Sensor/sensor.o
LOAD ./System/Time/time.o
START GROUP
LOAD /opt/st/stm32cubeide_1.16.1/plugins/com.st.stm32cube.ide.mcu.externaltools.gnu-tools-for-stm32.12.3.rel1.linux64_1.0.200.202406132123/tools/bin/../lib/gcc/arm-none-eabi/12.3.1/../../../../arm-none-eabi/lib/thumb/v6-m/nofp/libstdc++_nano.a
LOAD /opt/st/stm32cubeide_1.16.1/plugins/com.st.stm32cube.ide.mcu.externaltools.gnu-tools-for-stm32.12.3.rel1.linux64_1.0.200.202406132123/tools/bin/../lib/gcc/arm-none-eabi/12.3.1/../../../../arm-none-eabi/lib/thumb/v6-m/nofp/libsupc++_nano.a
END GROUP
LOAD /opt/st/stm32cubeide_1.16.1/plugins/com.st.stm32cube.ide.mcu.externaltools.gnu-tools-for-stm32.12.3.rel1.linux64_1.0.200.202406132123/tools/bin/../lib/gcc/arm-none-eabi/12.3.1/../../../../arm-none-eabi/lib/thumb/v6-m/nofp/libstdc++_nano.a
LOAD /opt/st/stm32cubeide_1.16.1/plugins/com.st.stm32cube.ide.mcu.externaltools.gnu-tools-for-stm32.12.3.rel1.linux64_1.0.200.202406132123/tools/bin/../lib/gcc/arm-none-eabi/12.3.1/../../../../arm-none-eabi/lib/thumb/v6-m/nofp/libm.a
LOAD /opt/st/stm32cubeide_1.16.1/plugins/com.st.stm32cube.ide.mcu.externaltools.gnu-tools-for-stm32.12.3.rel1.linux64_1.0.200.202406132123/tools/bin/../lib/gcc/arm-none-eabi/12.3.1/../../../../arm-none-eabi/lib/thumb/v6-m/nofp/libc_nano.a
START GROUP
LOAD /opt/st/stm32cubeide_1.16.1/plugins/com.st.stm32cube.ide.mcu.externaltools.gnu-tools-for-stm32.12.3.rel1.linux64_1.0.200.202406132123/tools/bin/../lib/gcc/arm-none-eabi/12.3.1/thumb/v6-m/nofp/libgcc.a
LOAD /opt/st/stm32cubeide_1.16.1/plugins/com.st.stm32cube.ide.mcu.externaltools.gnu-tools-for-stm32.12.3.rel1.linux64_1.0.200.202406132123/tools/bin/../lib/gcc/arm-none-eabi/12.3.1/../../../../arm-none-eabi/lib/thumb/v6-m/nofp/libc_nano.a
END GROUP
START GROUP
LOAD /opt/st/stm32cubeide_1.16.1/plugins/com.st.stm32cube.ide.mcu.externaltools.gnu-tools-for-stm32.12.3.rel1.linux64_1.0.200.202406132123/tools/bin/../lib/gcc/arm-none-eabi/12.3.1/thumb/v6-m/nofp/libgcc.a
LOAD /opt/st/stm32cubeide_1.16.1/plugins/com.st.stm32cube.ide.mcu.externaltools.gnu-tools-for-stm32.12.3.rel1.linux64_1.0.200.202406132123/tools/bin/../lib/gcc/arm-none-eabi/12.3.1/../../../../arm-none-eabi/lib/thumb/v6-m/nofp/libc_nano.a
LOAD /opt/st/stm32cubeide_1.16.1/plugins/com.st.stm32cube.ide.mcu.externaltools.gnu-tools-for-stm32.12.3.rel1.linux64_1.0.200.202406132123/tools/bin/../lib/gcc/arm-none-eabi/12.3.1/../../../../arm-none-eabi/lib/thumb/v6-m/nofp/libnosys.a
END GROUP
START GROUP
LOAD /opt/st/stm32cubeide_1.16.1/plugins/com.st.stm32cube.ide.mcu.externaltools.gnu-tools-for-stm32.12.3.rel1.linux64_1.0.200.202406132123/tools/bin/../lib/gcc/arm-none-eabi/12.3.1/thumb/v6-m/nofp/libgcc.a
LOAD /opt/st/stm32cubeide_1.16.1/plugins/com.st.stm32cube.ide.mcu.externaltools.gnu-tools-for-stm32.12.3.rel1.linux64_1.0.200.202406132123/tools/bin/../lib/gcc/arm-none-eabi/12.3.1/../../../../arm-none-eabi/lib/thumb/v6-m/nofp/libc_nano.a
LOAD /opt/st/stm32cubeide_1.16.1/plugins/com.st.stm32cube.ide.mcu.externaltools.gnu-tools-for-stm32.12.3.rel1.linux64_1.0.200.202406132123/tools/bin/../lib/gcc/arm-none-eabi/12.3.1/../../../../arm-none-eabi/lib/thumb/v6-m/nofp/libnosys.a
END GROUP
LOAD /opt/st/stm32cubeide_1.16.1/plugins/com.st.stm32cube.ide.mcu.externaltools.gnu-tools-for-stm32.12.3.rel1.linux64_1.0.200.202406132123/tools/bin/../lib/gcc/arm-none-eabi/12.3.1/thumb/v6-m/nofp/crtend.o
LOAD /opt/st/stm32cubeide_1.16.1/plugins/com.st.stm32cube.ide.mcu.externaltools.gnu-tools-for-stm32.12.3.rel1.linux64_1.0.200.202406132123/tools/bin/../lib/gcc/arm-none-eabi/12.3.1/thumb/v6-m/nofp/crtn.o
                0x20002000                        _estack = (ORIGIN (RAM) + LENGTH (RAM))
                0x00000200                        _Min_Heap_Size = 0x200
                0x00000400                        _Min_Stack_Size = 0x400

.isr_vector     0x08000000       0xb8
                0x08000000                        . = ALIGN (0x4)
 *(.isr_vector)
 .isr_vector    0x08000000       0xb8 ./Core/Startup/startup_stm32g030f6px.o
                0x08000000                g_pfnVectors
                0x080000b8                        . = ALIGN (0x4)

.text           0x080000b8     0x3a08
                0x080000b8                        . = ALIGN (0x4)
 *(.text)
 .text          0x080000b8       0x48 /opt/st/stm32cubeide_1.16.1/plugins/com.st.stm32cube.ide.mcu.externaltools.gnu-tools-for-stm32.12.3.rel1.linux64_1.0.200.202406132123/tools/bin/../lib/gcc/arm-none-eabi/12.3.1/thumb/v6-m/nofp/crtbegin.o
 .text          0x08000100        0xe /opt/st/stm32cubeide_1.16.1/plugins/com.st.stm32cube.ide.mcu.externaltools.gnu-tools-for-stm32.12.3.rel1.linux64_1.0.200.202406132123/tools/bin/../lib/gcc/arm-none-eabi/12.3.1/../../../../arm-none-eabi/lib/thumb/v6-m/nofp/libc_nano.a(libc_a-strlen.o)
                0x08000100                strlen
 *fill*         0x0800010e        0x2 
 .text          0x08000110       0x14 /opt/st/stm32cubeide_1.16.1/plugins/com.st.stm32cube.ide.mcu.externaltools.gnu-tools-for-stm32.12.3.rel1.linux64_1.0.200.202406132123/tools/bin/../lib/gcc/arm-none-eabi/12.3.1/thumb/v6-m/nofp/libgcc.a(_thumb1_case_shi.o)
                0x08000110                __gnu_thumb1_case_shi
 .text          0x08000124      0x114 /opt/st/stm32cubeide_1.16.1/plugins/com.st.stm32cube.ide.mcu.externaltools.gnu-tools-for-stm32.12.3.rel1.linux64_1.0.200.202406132123/tools/bin/../lib/gcc/arm-none-eabi/12.3.1/thumb/v6-m/nofp/libgcc.a(_udivsi3.o)
                0x08000124                __udivsi3
                0x08000124                __aeabi_uidiv
                0x08000230                __aeabi_uidivmod
 .text          0x08000238        0x4 /opt/st/stm32cubeide_1.16.1/plugins/com.st.stm32cube.ide.mcu.externaltools.gnu-tools-for-stm32.12.3.rel1.linux64_1.0.200.202406132123/tools/bin/../lib/gcc/arm-none-eabi/12.3.1/thumb/v6-m/nofp/libgcc.a(_dvmd_tls.o)
                0x08000238                __aeabi_ldiv0
                0x08000238                __aeabi_idiv0
 *(.text*)
 .text._Z18SystemClock_Configv
                0x0800023c       0x80 ./Core/Src/main.o
                0x0800023c                SystemClock_Config()
 .text.startup.main
                0x080002bc      0x1a4 ./Core/Src/main.o
                0x080002bc                main
 .text.Error_Handler
                0x08000460        0x4 ./Core/Src/main.o
                0x08000460                Error_Handler
 .text.HAL_MspInit
                0x08000464       0x40 ./Core/Src/stm32g0xx_hal_msp.o
                0x08000464                HAL_MspInit
 .text.HAL_I2C_MspInit
                0x080004a4       0xe8 ./Core/Src/stm32g0xx_hal_msp.o
                0x080004a4                HAL_I2C_MspInit
 .text.HAL_RTC_MspInit
                0x0800058c       0x60 ./Core/Src/stm32g0xx_hal_msp.o
                0x0800058c                HAL_RTC_MspInit
 .text.NMI_Handler
                0x080005ec        0x4 ./Core/Src/stm32g0xx_it.o
                0x080005ec                NMI_Handler
 .text.HardFault_Handler
                0x080005f0        0x4 ./Core/Src/stm32g0xx_it.o
                0x080005f0                HardFault_Handler
 .text.SVC_Handler
                0x080005f4        0x4 ./Core/Src/stm32g0xx_it.o
                0x080005f4                SVC_Handler
 .text.PendSV_Handler
                0x080005f8        0x4 ./Core/Src/stm32g0xx_it.o
                0x080005f8                PendSV_Handler
 .text.SysTick_Handler
                0x080005fc        0x8 ./Core/Src/stm32g0xx_it.o
                0x080005fc                SysTick_Handler
 .text.RCC_IRQHandler
                0x08000604        0x4 ./Core/Src/stm32g0xx_it.o
                0x08000604                RCC_IRQHandler
 .text._getpid  0x08000608        0x4 ./Core/Src/syscalls.o
                0x08000608                _getpid
 .text._kill    0x0800060c       0x10 ./Core/Src/syscalls.o
                0x0800060c                _kill
 .text._exit    0x0800061c        0xc ./Core/Src/syscalls.o
                0x0800061c                _exit
 .text._sbrk    0x08000628       0x44 ./Core/Src/sysmem.o
                0x08000628                _sbrk
 .text.SystemInit
                0x0800066c        0x4 ./Core/Src/system_stm32g0xx.o
                0x0800066c                SystemInit
 .text.Reset_Handler
                0x08000670       0x50 ./Core/Startup/startup_stm32g030f6px.o
                0x08000670                Reset_Handler
 .text.Default_Handler
                0x080006c0        0x2 ./Core/Startup/startup_stm32g030f6px.o
                0x080006c0                TIM1_CC_IRQHandler
                0x080006c0                I2C1_IRQHandler
                0x080006c0                RTC_TAMP_IRQHandler
                0x080006c0                SPI1_IRQHandler
                0x080006c0                DMA1_Ch4_5_DMAMUX1_OVR_IRQHandler
                0x080006c0                EXTI2_3_IRQHandler
                0x080006c0                ADC1_IRQHandler
                0x080006c0                I2C2_IRQHandler
                0x080006c0                TIM17_IRQHandler
                0x080006c0                TIM16_IRQHandler
                0x080006c0                TIM3_IRQHandler
                0x080006c0                EXTI4_15_IRQHandler
                0x080006c0                DMA1_Channel1_IRQHandler
                0x080006c0                Default_Handler
                0x080006c0                TIM14_IRQHandler
                0x080006c0                EXTI0_1_IRQHandler
                0x080006c0                SPI2_IRQHandler
                0x080006c0                WWDG_IRQHandler
                0x080006c0                DMA1_Channel2_3_IRQHandler
                0x080006c0                USART2_IRQHandler
                0x080006c0                FLASH_IRQHandler
                0x080006c0                USART1_IRQHandler
                0x080006c0                TIM1_BRK_UP_TRG_COM_IRQHandler
 *fill*         0x080006c2        0x2 
 .text.HAL_InitTick
                0x080006c4       0x4c ./Drivers/STM32G0xx_HAL_Driver/Src/stm32g0xx_hal.o
                0x080006c4                HAL_InitTick
 .text.HAL_Init
                0x08000710       0x28 ./Drivers/STM32G0xx_HAL_Driver/Src/stm32g0xx_hal.o
                0x08000710                HAL_Init
 .text.HAL_IncTick
                0x08000738       0x18 ./Drivers/STM32G0xx_HAL_Driver/Src/stm32g0xx_hal.o
                0x08000738                HAL_IncTick
 .text.HAL_GetTick
                0x08000750        0xc ./Drivers/STM32G0xx_HAL_Driver/Src/stm32g0xx_hal.o
                0x08000750                HAL_GetTick
 .text.HAL_Delay
                0x0800075c       0x24 ./Drivers/STM32G0xx_HAL_Driver/Src/stm32g0xx_hal.o
                0x0800075c                HAL_Delay
 .text.HAL_NVIC_SetPriority
                0x08000780       0x54 ./Drivers/STM32G0xx_HAL_Driver/Src/stm32g0xx_hal_cortex.o
                0x08000780                HAL_NVIC_SetPriority
 .text.HAL_NVIC_EnableIRQ
                0x080007d4       0x18 ./Drivers/STM32G0xx_HAL_Driver/Src/stm32g0xx_hal_cortex.o
                0x080007d4                HAL_NVIC_EnableIRQ
 .text.HAL_SYSTICK_Config
                0x080007ec       0x34 ./Drivers/STM32G0xx_HAL_Driver/Src/stm32g0xx_hal_cortex.o
                0x080007ec                HAL_SYSTICK_Config
 .text.HAL_GPIO_Init
                0x08000820      0x1e4 ./Drivers/STM32G0xx_HAL_Driver/Src/stm32g0xx_hal_gpio.o
                0x08000820                HAL_GPIO_Init
 .text.HAL_GPIO_ReadPin
                0x08000a04        0xc ./Drivers/STM32G0xx_HAL_Driver/Src/stm32g0xx_hal_gpio.o
                0x08000a04                HAL_GPIO_ReadPin
 .text.HAL_GPIO_WritePin
                0x08000a10        0xc ./Drivers/STM32G0xx_HAL_Driver/Src/stm32g0xx_hal_gpio.o
                0x08000a10                HAL_GPIO_WritePin
 .text.I2C_IsErrorOccurred
                0x08000a1c      0x11c ./Drivers/STM32G0xx_HAL_Driver/Src/stm32g0xx_hal_i2c.o
 .text.I2C_WaitOnTXISFlagUntilTimeout
                0x08000b38       0x60 ./Drivers/STM32G0xx_HAL_Driver/Src/stm32g0xx_hal_i2c.o
 .text.I2C_WaitOnFlagUntilTimeout
                0x08000b98       0x80 ./Drivers/STM32G0xx_HAL_Driver/Src/stm32g0xx_hal_i2c.o
 .text.I2C_WaitOnSTOPFlagUntilTimeout
                0x08000c18       0x60 ./Drivers/STM32G0xx_HAL_Driver/Src/stm32g0xx_hal_i2c.o
 .text.I2C_WaitOnRXNEFlagUntilTimeout
                0x08000c78       0xd8 ./Drivers/STM32G0xx_HAL_Driver/Src/stm32g0xx_hal_i2c.o
 .text.HAL_I2C_Init
                0x08000d50       0xc0 ./Drivers/STM32G0xx_HAL_Driver/Src/stm32g0xx_hal_i2c.o
                0x08000d50                HAL_I2C_Init
 .text.HAL_I2C_Master_Transmit
                0x08000e10      0x1b8 ./Drivers/STM32G0xx_HAL_Driver/Src/stm32g0xx_hal_i2c.o
                0x08000e10                HAL_I2C_Master_Transmit
 .text.HAL_I2C_Master_Receive
                0x08000fc8      0x17c ./Drivers/STM32G0xx_HAL_Driver/Src/stm32g0xx_hal_i2c.o
                0x08000fc8                HAL_I2C_Master_Receive
 .text.HAL_I2C_Mem_Write
                0x08001144      0x1f8 ./Drivers/STM32G0xx_HAL_Driver/Src/stm32g0xx_hal_i2c.o
                0x08001144                HAL_I2C_Mem_Write
 .text.HAL_I2CEx_ConfigAnalogFilter
                0x0800133c       0x4c ./Drivers/STM32G0xx_HAL_Driver/Src/stm32g0xx_hal_i2c_ex.o
                0x0800133c                HAL_I2CEx_ConfigAnalogFilter
 .text.HAL_I2CEx_ConfigDigitalFilter
                0x08001388       0x5c ./Drivers/STM32G0xx_HAL_Driver/Src/stm32g0xx_hal_i2c_ex.o
                0x08001388                HAL_I2CEx_ConfigDigitalFilter
 .text.HAL_I2CEx_EnableFastModePlus
                0x080013e4       0x28 ./Drivers/STM32G0xx_HAL_Driver/Src/stm32g0xx_hal_i2c_ex.o
                0x080013e4                HAL_I2CEx_EnableFastModePlus
 .text.HAL_PWR_EnableBkUpAccess
                0x0800140c       0x14 ./Drivers/STM32G0xx_HAL_Driver/Src/stm32g0xx_hal_pwr.o
                0x0800140c                HAL_PWR_EnableBkUpAccess
 .text.HAL_PWREx_ControlVoltageScaling
                0x08001420       0x60 ./Drivers/STM32G0xx_HAL_Driver/Src/stm32g0xx_hal_pwr_ex.o
                0x08001420                HAL_PWREx_ControlVoltageScaling
 .text.HAL_RCC_OscConfig
                0x08001480      0x4bc ./Drivers/STM32G0xx_HAL_Driver/Src/stm32g0xx_hal_rcc.o
                0x08001480                HAL_RCC_OscConfig
 .text.HAL_RCC_GetSysClockFreq
                0x0800193c       0x9c ./Drivers/STM32G0xx_HAL_Driver/Src/stm32g0xx_hal_rcc.o
                0x0800193c                HAL_RCC_GetSysClockFreq
 .text.HAL_RCC_ClockConfig
                0x080019d8      0x190 ./Drivers/STM32G0xx_HAL_Driver/Src/stm32g0xx_hal_rcc.o
                0x080019d8                HAL_RCC_ClockConfig
 .text.HAL_RCCEx_PeriphCLKConfig
                0x08001b68      0x180 ./Drivers/STM32G0xx_HAL_Driver/Src/stm32g0xx_hal_rcc_ex.o
                0x08001b68                HAL_RCCEx_PeriphCLKConfig
 .text.HAL_RTC_GetTime
                0x08001ce8       0x78 ./Drivers/STM32G0xx_HAL_Driver/Src/stm32g0xx_hal_rtc.o
                0x08001ce8                HAL_RTC_GetTime
 .text.HAL_RTC_GetDate
                0x08001d60       0x5c ./Drivers/STM32G0xx_HAL_Driver/Src/stm32g0xx_hal_rtc.o
                0x08001d60                HAL_RTC_GetDate
 .text.RTC_EnterInitMode
                0x08001dbc       0x54 ./Drivers/STM32G0xx_HAL_Driver/Src/stm32g0xx_hal_rtc.o
                0x08001dbc                RTC_EnterInitMode
 .text.RTC_ExitInitMode
                0x08001e10       0x94 ./Drivers/STM32G0xx_HAL_Driver/Src/stm32g0xx_hal_rtc.o
                0x08001e10                RTC_ExitInitMode
 .text.HAL_RTC_Init
                0x08001ea4       0xbc ./Drivers/STM32G0xx_HAL_Driver/Src/stm32g0xx_hal_rtc.o
                0x08001ea4                HAL_RTC_Init
 .text.HAL_RTC_SetTime
                0x08001f60      0x100 ./Drivers/STM32G0xx_HAL_Driver/Src/stm32g0xx_hal_rtc.o
                0x08001f60                HAL_RTC_SetTime
 .text.HAL_RTC_SetDate
                0x08002060       0xdc ./Drivers/STM32G0xx_HAL_Driver/Src/stm32g0xx_hal_rtc.o
                0x08002060                HAL_RTC_SetDate
 .text._ZN7ssd130612UpdateScreenEv
                0x0800213c       0xbc ./Lib/ssd1306/ssd1306.o
                0x0800213c                ssd1306::UpdateScreen()
 .text._ZN7ssd13064InitEv
                0x080021f8      0x344 ./Lib/ssd1306/ssd1306.o
                0x080021f8                ssd1306::Init()
 .text._ZN7ssd13069DrawPixelEhh13SSD1306_COLOR
                0x0800253c       0x2c ./Lib/ssd1306/ssd1306.o
                0x0800253c                ssd1306::DrawPixel(unsigned char, unsigned char, SSD1306_COLOR)
 .text._ZN7ssd13069WriteCharEc7FontDef13SSD1306_COLOR
                0x08002568       0xf8 ./Lib/ssd1306/ssd1306.o
                0x08002568                ssd1306::WriteChar(char, FontDef, SSD1306_COLOR)
 .text._ZN7ssd130611WriteStringEPKc7FontDef13SSD1306_COLOR
                0x08002660       0x3c ./Lib/ssd1306/ssd1306.o
                0x08002660                ssd1306::WriteString(char const*, FontDef, SSD1306_COLOR)
 .text._ZN7ssd13069SetCursorEhh
                0x0800269c       0x14 ./Lib/ssd1306/ssd1306.o
                0x0800269c                ssd1306::SetCursor(unsigned char, unsigned char)
 .text._ZN7ssd13064LineEhhhh13SSD1306_COLOR
                0x080026b0       0xdc ./Lib/ssd1306/ssd1306.o
                0x080026b0                ssd1306::Line(unsigned char, unsigned char, unsigned char, unsigned char, SSD1306_COLOR)
 .text._ZN7ssd130613DrawRectangleEhhhh13SSD1306_COLOR
                0x0800278c       0x6c ./Lib/ssd1306/ssd1306.o
                0x0800278c                ssd1306::DrawRectangle(unsigned char, unsigned char, unsigned char, unsigned char, SSD1306_COLOR)
 .text._ZN7ssd130612ClearDisplayEv
                0x080027f8       0x10 ./Lib/ssd1306/ssd1306.o
                0x080027f8                ssd1306::ClearDisplay()
 .text._ZNSt7__cxx1112basic_stringIcSt11char_traitsIcESaIcEEC1IS3_EEPKcRKS3_.isra.0
                0x08002808       0x54 ./System/App/app.o
 .text._ZN3app9page_mainEv
                0x0800285c      0x15c ./System/App/app.o
                0x0800285c                app::page_main()
 .text._ZN3app13page_set_timeEv
                0x080029b8      0x400 ./System/App/app.o
                0x080029b8                app::page_set_time()
 .text.startup._ZN3app4mainEv
                0x08002db8       0x38 ./System/App/app.o
                0x08002db8                app::main()
 .text.startup._GLOBAL__sub_I__Z8date_mapB5cxx11
                0x08002df0       0x9c ./System/App/app.o
 .text.exit._GLOBAL__sub_D__Z8date_mapB5cxx11
                0x08002e8c       0x28 ./System/App/app.o
 .text._ZN6keypad15get_current_keyEv
                0x08002eb4       0x7c ./System/Key/key.o
                0x08002eb4                keypad::get_current_key()
 .text._ZN6keypad15get_key_pressedEv
                0x08002f30       0x18 ./System/Key/key.o
                0x08002f30                keypad::get_key_pressed()
 .text._ZN6sensor15get_sensor_dataEv
                0x08002f48       0x8c ./System/Sensor/sensor.o
                0x08002f48                sensor::get_sensor_data()
 .text._ZN4time8get_timeEv
                0x08002fd4       0x4c ./System/Time/time.o
                0x08002fd4                time::get_time()
 .text._ZN4time8set_timeEv
                0x08003020       0x38 ./System/Time/time.o
                0x08003020                time::set_time()
 .text._ZdlPvj  0x08003058        0x8 /opt/st/stm32cubeide_1.16.1/plugins/com.st.stm32cube.ide.mcu.externaltools.gnu-tools-for-stm32.12.3.rel1.linux64_1.0.200.202406132123/tools/bin/../lib/gcc/arm-none-eabi/12.3.1/../../../../arm-none-eabi/lib/thumb/v6-m/nofp/libstdc++_nano.a(del_ops.o)
                0x08003058                operator delete(void*, unsigned int)
 .text._Znwj    0x08003060       0x24 /opt/st/stm32cubeide_1.16.1/plugins/com.st.stm32cube.ide.mcu.externaltools.gnu-tools-for-stm32.12.3.rel1.linux64_1.0.200.202406132123/tools/bin/../lib/gcc/arm-none-eabi/12.3.1/../../../../arm-none-eabi/lib/thumb/v6-m/nofp/libstdc++_nano.a(new_op.o)
                0x08003060                operator new(unsigned int)
 .text.unlikely._ZSt19__throw_logic_errorPKc
                0x08003084        0x6 /opt/st/stm32cubeide_1.16.1/plugins/com.st.stm32cube.ide.mcu.externaltools.gnu-tools-for-stm32.12.3.rel1.linux64_1.0.200.202406132123/tools/bin/../lib/gcc/arm-none-eabi/12.3.1/../../../../arm-none-eabi/lib/thumb/v6-m/nofp/libstdc++_nano.a(functexcept.o)
                0x08003084                std::__throw_logic_error(char const*)
 .text._ZdlPv   0x0800308a        0x8 /opt/st/stm32cubeide_1.16.1/plugins/com.st.stm32cube.ide.mcu.externaltools.gnu-tools-for-stm32.12.3.rel1.linux64_1.0.200.202406132123/tools/bin/../lib/gcc/arm-none-eabi/12.3.1/../../../../arm-none-eabi/lib/thumb/v6-m/nofp/libstdc++_nano.a(del_op.o)
                0x0800308a                operator delete(void*)
 *fill*         0x08003092        0x2 
 .text._ZSt15get_new_handlerv
                0x08003094        0xc /opt/st/stm32cubeide_1.16.1/plugins/com.st.stm32cube.ide.mcu.externaltools.gnu-tools-for-stm32.12.3.rel1.linux64_1.0.200.202406132123/tools/bin/../lib/gcc/arm-none-eabi/12.3.1/../../../../arm-none-eabi/lib/thumb/v6-m/nofp/libstdc++_nano.a(new_handler.o)
                0x08003094                std::get_new_handler()
 .text.abort    0x080030a0        0xe /opt/st/stm32cubeide_1.16.1/plugins/com.st.stm32cube.ide.mcu.externaltools.gnu-tools-for-stm32.12.3.rel1.linux64_1.0.200.202406132123/tools/bin/../lib/gcc/arm-none-eabi/12.3.1/../../../../arm-none-eabi/lib/thumb/v6-m/nofp/libc_nano.a(libc_a-abort.o)
                0x080030a0                abort
 *fill*         0x080030ae        0x2 
 .text.malloc   0x080030b0       0x14 /opt/st/stm32cubeide_1.16.1/plugins/com.st.stm32cube.ide.mcu.externaltools.gnu-tools-for-stm32.12.3.rel1.linux64_1.0.200.202406132123/tools/bin/../lib/gcc/arm-none-eabi/12.3.1/../../../../arm-none-eabi/lib/thumb/v6-m/nofp/libc_nano.a(libc_a-malloc.o)
                0x080030b0                malloc
 .text.free     0x080030c4       0x14 /opt/st/stm32cubeide_1.16.1/plugins/com.st.stm32cube.ide.mcu.externaltools.gnu-tools-for-stm32.12.3.rel1.linux64_1.0.200.202406132123/tools/bin/../lib/gcc/arm-none-eabi/12.3.1/../../../../arm-none-eabi/lib/thumb/v6-m/nofp/libc_nano.a(libc_a-malloc.o)
                0x080030c4                free
 .text.sbrk_aligned
                0x080030d8       0x44 /opt/st/stm32cubeide_1.16.1/plugins/com.st.stm32cube.ide.mcu.externaltools.gnu-tools-for-stm32.12.3.rel1.linux64_1.0.200.202406132123/tools/bin/../lib/gcc/arm-none-eabi/12.3.1/../../../../arm-none-eabi/lib/thumb/v6-m/nofp/libc_nano.a(libc_a-mallocr.o)
 .text._malloc_r
                0x0800311c      0x100 /opt/st/stm32cubeide_1.16.1/plugins/com.st.stm32cube.ide.mcu.externaltools.gnu-tools-for-stm32.12.3.rel1.linux64_1.0.200.202406132123/tools/bin/../lib/gcc/arm-none-eabi/12.3.1/../../../../arm-none-eabi/lib/thumb/v6-m/nofp/libc_nano.a(libc_a-mallocr.o)
                0x0800311c                _malloc_r
 .text.__malloc_lock
                0x0800321c       0x10 /opt/st/stm32cubeide_1.16.1/plugins/com.st.stm32cube.ide.mcu.externaltools.gnu-tools-for-stm32.12.3.rel1.linux64_1.0.200.202406132123/tools/bin/../lib/gcc/arm-none-eabi/12.3.1/../../../../arm-none-eabi/lib/thumb/v6-m/nofp/libc_nano.a(libc_a-mlock.o)
                0x0800321c                __malloc_lock
 .text.__malloc_unlock
                0x0800322c       0x10 /opt/st/stm32cubeide_1.16.1/plugins/com.st.stm32cube.ide.mcu.externaltools.gnu-tools-for-stm32.12.3.rel1.linux64_1.0.200.202406132123/tools/bin/../lib/gcc/arm-none-eabi/12.3.1/../../../../arm-none-eabi/lib/thumb/v6-m/nofp/libc_nano.a(libc_a-mlock.o)
                0x0800322c                __malloc_unlock
 .text.sprintf  0x0800323c       0x40 /opt/st/stm32cubeide_1.16.1/plugins/com.st.stm32cube.ide.mcu.externaltools.gnu-tools-for-stm32.12.3.rel1.linux64_1.0.200.202406132123/tools/bin/../lib/gcc/arm-none-eabi/12.3.1/../../../../arm-none-eabi/lib/thumb/v6-m/nofp/libc_nano.a(libc_a-sprintf.o)
                0x0800323c                sprintf
                0x0800323c                siprintf
 .text.memset   0x0800327c       0x10 /opt/st/stm32cubeide_1.16.1/plugins/com.st.stm32cube.ide.mcu.externaltools.gnu-tools-for-stm32.12.3.rel1.linux64_1.0.200.202406132123/tools/bin/../lib/gcc/arm-none-eabi/12.3.1/../../../../arm-none-eabi/lib/thumb/v6-m/nofp/libc_nano.a(libc_a-memset.o)
                0x0800327c                memset
 .text._raise_r
                0x0800328c       0x52 /opt/st/stm32cubeide_1.16.1/plugins/com.st.stm32cube.ide.mcu.externaltools.gnu-tools-for-stm32.12.3.rel1.linux64_1.0.200.202406132123/tools/bin/../lib/gcc/arm-none-eabi/12.3.1/../../../../arm-none-eabi/lib/thumb/v6-m/nofp/libc_nano.a(libc_a-signal.o)
                0x0800328c                _raise_r
 *fill*         0x080032de        0x2 
 .text.raise    0x080032e0       0x14 /opt/st/stm32cubeide_1.16.1/plugins/com.st.stm32cube.ide.mcu.externaltools.gnu-tools-for-stm32.12.3.rel1.linux64_1.0.200.202406132123/tools/bin/../lib/gcc/arm-none-eabi/12.3.1/../../../../arm-none-eabi/lib/thumb/v6-m/nofp/libc_nano.a(libc_a-signal.o)
                0x080032e0                raise
 .text._kill_r  0x080032f4       0x24 /opt/st/stm32cubeide_1.16.1/plugins/com.st.stm32cube.ide.mcu.externaltools.gnu-tools-for-stm32.12.3.rel1.linux64_1.0.200.202406132123/tools/bin/../lib/gcc/arm-none-eabi/12.3.1/../../../../arm-none-eabi/lib/thumb/v6-m/nofp/libc_nano.a(libc_a-signalr.o)
                0x080032f4                _kill_r
 .text._getpid_r
                0x08003318        0x8 /opt/st/stm32cubeide_1.16.1/plugins/com.st.stm32cube.ide.mcu.externaltools.gnu-tools-for-stm32.12.3.rel1.linux64_1.0.200.202406132123/tools/bin/../lib/gcc/arm-none-eabi/12.3.1/../../../../arm-none-eabi/lib/thumb/v6-m/nofp/libc_nano.a(libc_a-signalr.o)
                0x08003318                _getpid_r
 .text._sbrk_r  0x08003320       0x24 /opt/st/stm32cubeide_1.16.1/plugins/com.st.stm32cube.ide.mcu.externaltools.gnu-tools-for-stm32.12.3.rel1.linux64_1.0.200.202406132123/tools/bin/../lib/gcc/arm-none-eabi/12.3.1/../../../../arm-none-eabi/lib/thumb/v6-m/nofp/libc_nano.a(libc_a-sbrkr.o)
                0x08003320                _sbrk_r
 .text.__errno  0x08003344        0xc /opt/st/stm32cubeide_1.16.1/plugins/com.st.stm32cube.ide.mcu.externaltools.gnu-tools-for-stm32.12.3.rel1.linux64_1.0.200.202406132123/tools/bin/../lib/gcc/arm-none-eabi/12.3.1/../../../../arm-none-eabi/lib/thumb/v6-m/nofp/libc_nano.a(libc_a-errno.o)
                0x08003344                __errno
 .text.__libc_init_array
                0x08003350       0x48 /opt/st/stm32cubeide_1.16.1/plugins/com.st.stm32cube.ide.mcu.externaltools.gnu-tools-for-stm32.12.3.rel1.linux64_1.0.200.202406132123/tools/bin/../lib/gcc/arm-none-eabi/12.3.1/../../../../arm-none-eabi/lib/thumb/v6-m/nofp/libc_nano.a(libc_a-init.o)
                0x08003350                __libc_init_array
 .text.__retarget_lock_acquire_recursive
                0x08003398        0x2 /opt/st/stm32cubeide_1.16.1/plugins/com.st.stm32cube.ide.mcu.externaltools.gnu-tools-for-stm32.12.3.rel1.linux64_1.0.200.202406132123/tools/bin/../lib/gcc/arm-none-eabi/12.3.1/../../../../arm-none-eabi/lib/thumb/v6-m/nofp/libc_nano.a(libc_a-lock.o)
                0x08003398                __retarget_lock_acquire_recursive
 .text.__retarget_lock_release_recursive
                0x0800339a        0x2 /opt/st/stm32cubeide_1.16.1/plugins/com.st.stm32cube.ide.mcu.externaltools.gnu-tools-for-stm32.12.3.rel1.linux64_1.0.200.202406132123/tools/bin/../lib/gcc/arm-none-eabi/12.3.1/../../../../arm-none-eabi/lib/thumb/v6-m/nofp/libc_nano.a(libc_a-lock.o)
                0x0800339a                __retarget_lock_release_recursive
 .text.memcpy   0x0800339c       0x12 /opt/st/stm32cubeide_1.16.1/plugins/com.st.stm32cube.ide.mcu.externaltools.gnu-tools-for-stm32.12.3.rel1.linux64_1.0.200.202406132123/tools/bin/../lib/gcc/arm-none-eabi/12.3.1/../../../../arm-none-eabi/lib/thumb/v6-m/nofp/libc_nano.a(libc_a-memcpy-stub.o)
                0x0800339c                memcpy
 *fill*         0x080033ae        0x2 
 .text._free_r  0x080033b0       0x94 /opt/st/stm32cubeide_1.16.1/plugins/com.st.stm32cube.ide.mcu.externaltools.gnu-tools-for-stm32.12.3.rel1.linux64_1.0.200.202406132123/tools/bin/../lib/gcc/arm-none-eabi/12.3.1/../../../../arm-none-eabi/lib/thumb/v6-m/nofp/libc_nano.a(libc_a-freer.o)
                0x080033b0                _free_r
 .text.__ssputs_r
                0x08003444       0xc0 /opt/st/stm32cubeide_1.16.1/plugins/com.st.stm32cube.ide.mcu.externaltools.gnu-tools-for-stm32.12.3.rel1.linux64_1.0.200.202406132123/tools/bin/../lib/gcc/arm-none-eabi/12.3.1/../../../../arm-none-eabi/lib/thumb/v6-m/nofp/libc_nano.a(libc_a-nano-svfprintf.o)
                0x08003444                __ssputs_r
 .text._svfprintf_r
                0x08003504      0x1fc /opt/st/stm32cubeide_1.16.1/plugins/com.st.stm32cube.ide.mcu.externaltools.gnu-tools-for-stm32.12.3.rel1.linux64_1.0.200.202406132123/tools/bin/../lib/gcc/arm-none-eabi/12.3.1/../../../../arm-none-eabi/lib/thumb/v6-m/nofp/libc_nano.a(libc_a-nano-svfprintf.o)
                0x08003504                _svfprintf_r
                0x08003504                _svfiprintf_r
 .text._printf_common
                0x08003700       0xde /opt/st/stm32cubeide_1.16.1/plugins/com.st.stm32cube.ide.mcu.externaltools.gnu-tools-for-stm32.12.3.rel1.linux64_1.0.200.202406132123/tools/bin/../lib/gcc/arm-none-eabi/12.3.1/../../../../arm-none-eabi/lib/thumb/v6-m/nofp/libc_nano.a(libc_a-nano-vfprintf_i.o)
                0x08003700                _printf_common
 *fill*         0x080037de        0x2 
 .text._printf_i
                0x080037e0      0x21c /opt/st/stm32cubeide_1.16.1/plugins/com.st.stm32cube.ide.mcu.externaltools.gnu-tools-for-stm32.12.3.rel1.linux64_1.0.200.202406132123/tools/bin/../lib/gcc/arm-none-eabi/12.3.1/../../../../arm-none-eabi/lib/thumb/v6-m/nofp/libc_nano.a(libc_a-nano-vfprintf_i.o)
                0x080037e0                _printf_i
 .text.memmove  0x080039fc       0x26 /opt/st/stm32cubeide_1.16.1/plugins/com.st.stm32cube.ide.mcu.externaltools.gnu-tools-for-stm32.12.3.rel1.linux64_1.0.200.202406132123/tools/bin/../lib/gcc/arm-none-eabi/12.3.1/../../../../arm-none-eabi/lib/thumb/v6-m/nofp/libc_nano.a(libc_a-memmove.o)
                0x080039fc                memmove
 .text.memchr   0x08003a22       0x16 /opt/st/stm32cubeide_1.16.1/plugins/com.st.stm32cube.ide.mcu.externaltools.gnu-tools-for-stm32.12.3.rel1.linux64_1.0.200.202406132123/tools/bin/../lib/gcc/arm-none-eabi/12.3.1/../../../../arm-none-eabi/lib/thumb/v6-m/nofp/libc_nano.a(libc_a-memchr-stub.o)
                0x08003a22                memchr
 .text._realloc_r
                0x08003a38       0x5e /opt/st/stm32cubeide_1.16.1/plugins/com.st.stm32cube.ide.mcu.externaltools.gnu-tools-for-stm32.12.3.rel1.linux64_1.0.200.202406132123/tools/bin/../lib/gcc/arm-none-eabi/12.3.1/../../../../arm-none-eabi/lib/thumb/v6-m/nofp/libc_nano.a(libc_a-reallocr.o)
                0x08003a38                _realloc_r
 .text._malloc_usable_size_r
                0x08003a96       0x10 /opt/st/stm32cubeide_1.16.1/plugins/com.st.stm32cube.ide.mcu.externaltools.gnu-tools-for-stm32.12.3.rel1.linux64_1.0.200.202406132123/tools/bin/../lib/gcc/arm-none-eabi/12.3.1/../../../../arm-none-eabi/lib/thumb/v6-m/nofp/libc_nano.a(libc_a-msizer.o)
                0x08003a96                _malloc_usable_size_r
 *(.glue_7)
 .glue_7        0x08003aa6        0x0 linker stubs
 *(.glue_7t)
 .glue_7t       0x08003aa6        0x0 linker stubs
 *(.eh_frame)
 *fill*         0x08003aa6        0x2 
 .eh_frame      0x08003aa8        0x0 /opt/st/stm32cubeide_1.16.1/plugins/com.st.stm32cube.ide.mcu.externaltools.gnu-tools-for-stm32.12.3.rel1.linux64_1.0.200.202406132123/tools/bin/../lib/gcc/arm-none-eabi/12.3.1/thumb/v6-m/nofp/crtbegin.o
 *(.init)
 .init          0x08003aa8        0x4 /opt/st/stm32cubeide_1.16.1/plugins/com.st.stm32cube.ide.mcu.externaltools.gnu-tools-for-stm32.12.3.rel1.linux64_1.0.200.202406132123/tools/bin/../lib/gcc/arm-none-eabi/12.3.1/thumb/v6-m/nofp/crti.o
                0x08003aa8                _init
 .init          0x08003aac        0x8 /opt/st/stm32cubeide_1.16.1/plugins/com.st.stm32cube.ide.mcu.externaltools.gnu-tools-for-stm32.12.3.rel1.linux64_1.0.200.202406132123/tools/bin/../lib/gcc/arm-none-eabi/12.3.1/thumb/v6-m/nofp/crtn.o
 *(.fini)
 .fini          0x08003ab4        0x4 /opt/st/stm32cubeide_1.16.1/plugins/com.st.stm32cube.ide.mcu.externaltools.gnu-tools-for-stm32.12.3.rel1.linux64_1.0.200.202406132123/tools/bin/../lib/gcc/arm-none-eabi/12.3.1/thumb/v6-m/nofp/crti.o
                0x08003ab4                _fini
 .fini          0x08003ab8        0x8 /opt/st/stm32cubeide_1.16.1/plugins/com.st.stm32cube.ide.mcu.externaltools.gnu-tools-for-stm32.12.3.rel1.linux64_1.0.200.202406132123/tools/bin/../lib/gcc/arm-none-eabi/12.3.1/thumb/v6-m/nofp/crtn.o
                0x08003ac0                        . = ALIGN (0x4)
                0x08003ac0                        _etext = .

.vfp11_veneer   0x08003ac0        0x0
 .vfp11_veneer  0x08003ac0        0x0 linker stubs

.v4_bx          0x08003ac0        0x0
 .v4_bx         0x08003ac0        0x0 linker stubs

.iplt           0x08003ac0        0x0
 .iplt          0x08003ac0        0x0 /opt/st/stm32cubeide_1.16.1/plugins/com.st.stm32cube.ide.mcu.externaltools.gnu-tools-for-stm32.12.3.rel1.linux64_1.0.200.202406132123/tools/bin/../lib/gcc/arm-none-eabi/12.3.1/thumb/v6-m/nofp/crtbegin.o

.rodata         0x08003ac0     0x165c
                0x08003ac0                        . = ALIGN (0x4)
 *(.rodata)
 *(.rodata*)
 .rodata.AHBPrescTable
                0x08003ac0       0x40 ./Core/Src/system_stm32g0xx.o
                0x08003ac0                AHBPrescTable
 .rodata.Font11x18
                0x08003b00      0xd5c ./Lib/ssd1306/ssd1306_fonts.o
 .rodata.Font7x10
                0x0800485c      0x76c ./Lib/ssd1306/ssd1306_fonts.o
 .rodata._ZNSt7__cxx1112basic_stringIcSt11char_traitsIcESaIcEEC1IS3_EEPKcRKS3_.isra.0.str1.4
                0x08004fc8       0x32 ./System/App/app.o
 *fill*         0x08004ffa        0x2 
 .rodata._ZN3app9page_mainEv.str1.4
                0x08004ffc       0x47 ./System/App/app.o
 *fill*         0x08005043        0x1 
 .rodata._ZN3app13page_set_timeEv.str1.4
                0x08005044       0x63 ./System/App/app.o
 *fill*         0x080050a7        0x1 
 .rodata._ZN3app13page_set_timeEv
                0x080050a8       0x20 ./System/App/app.o
 .rodata._GLOBAL__sub_I__Z8date_mapB5cxx11.str1.4
                0x080050c8       0x1c ./System/App/app.o
                                 0x20 (size before relaxing)
 .rodata._ZN6sensor15get_sensor_dataEv.str1.4
                0x080050e4        0x3 ./System/Sensor/sensor.o
 .rodata._svfprintf_r.str1.1
                0x080050e7       0x11 /opt/st/stm32cubeide_1.16.1/plugins/com.st.stm32cube.ide.mcu.externaltools.gnu-tools-for-stm32.12.3.rel1.linux64_1.0.200.202406132123/tools/bin/../lib/gcc/arm-none-eabi/12.3.1/../../../../arm-none-eabi/lib/thumb/v6-m/nofp/libc_nano.a(libc_a-nano-svfprintf.o)
 .rodata._printf_i.str1.1
                0x080050f8       0x22 /opt/st/stm32cubeide_1.16.1/plugins/com.st.stm32cube.ide.mcu.externaltools.gnu-tools-for-stm32.12.3.rel1.linux64_1.0.200.202406132123/tools/bin/../lib/gcc/arm-none-eabi/12.3.1/../../../../arm-none-eabi/lib/thumb/v6-m/nofp/libc_nano.a(libc_a-nano-vfprintf_i.o)
                0x0800511c                        . = ALIGN (0x4)
 *fill*         0x0800511a        0x2 

.ARM.extab      0x0800511c        0x0
                0x0800511c                        . = ALIGN (0x4)
 *(.ARM.extab* .gnu.linkonce.armextab.*)
                0x0800511c                        . = ALIGN (0x4)

.ARM            0x0800511c        0x0
                0x0800511c                        . = ALIGN (0x4)
                0x0800511c                        __exidx_start = .
 *(.ARM.exidx*)
                0x0800511c                        __exidx_end = .
                0x0800511c                        . = ALIGN (0x4)

.preinit_array  0x0800511c        0x0
                0x0800511c                        . = ALIGN (0x4)
                0x0800511c                        PROVIDE (__preinit_array_start = .)
 *(.preinit_array*)
                0x0800511c                        PROVIDE (__preinit_array_end = .)
                0x0800511c                        . = ALIGN (0x4)

.init_array     0x0800511c        0x8
                0x0800511c                        . = ALIGN (0x4)
                0x0800511c                        PROVIDE (__init_array_start = .)
 *(SORT_BY_NAME(.init_array.*))
 *(.init_array*)
 .init_array    0x0800511c        0x4 /opt/st/stm32cubeide_1.16.1/plugins/com.st.stm32cube.ide.mcu.externaltools.gnu-tools-for-stm32.12.3.rel1.linux64_1.0.200.202406132123/tools/bin/../lib/gcc/arm-none-eabi/12.3.1/thumb/v6-m/nofp/crtbegin.o
 .init_array    0x08005120        0x4 ./System/App/app.o
                0x08005124                        PROVIDE (__init_array_end = .)
                0x08005124                        . = ALIGN (0x4)

.fini_array     0x08005124        0x8
                0x08005124                        . = ALIGN (0x4)
                [!provide]                        PROVIDE (__fini_array_start = .)
 *(SORT_BY_NAME(.fini_array.*))
 *(.fini_array*)
 .fini_array    0x08005124        0x4 /opt/st/stm32cubeide_1.16.1/plugins/com.st.stm32cube.ide.mcu.externaltools.gnu-tools-for-stm32.12.3.rel1.linux64_1.0.200.202406132123/tools/bin/../lib/gcc/arm-none-eabi/12.3.1/thumb/v6-m/nofp/crtbegin.o
 .fini_array    0x08005128        0x4 ./System/App/app.o
                [!provide]                        PROVIDE (__fini_array_end = .)
                0x0800512c                        . = ALIGN (0x4)
                0x0800512c                        _sidata = LOADADDR (.data)

.rel.dyn        0x0800512c        0x0
 .rel.iplt      0x0800512c        0x0 /opt/st/stm32cubeide_1.16.1/plugins/com.st.stm32cube.ide.mcu.externaltools.gnu-tools-for-stm32.12.3.rel1.linux64_1.0.200.202406132123/tools/bin/../lib/gcc/arm-none-eabi/12.3.1/thumb/v6-m/nofp/crtbegin.o

.data           0x20000000       0x6c load address 0x0800512c
                0x20000000                        . = ALIGN (0x4)
                0x20000000                        _sdata = .
 *(.data)
 *(.data*)
 .data.SystemCoreClock
                0x20000000        0x4 ./Core/Src/system_stm32g0xx.o
                0x20000000                SystemCoreClock
 .data.uwTickFreq
                0x20000004        0x1 ./Drivers/STM32G0xx_HAL_Driver/Src/stm32g0xx_hal.o
                0x20000004                uwTickFreq
 *fill*         0x20000005        0x3 
 .data.uwTickPrio
                0x20000008        0x4 ./Drivers/STM32G0xx_HAL_Driver/Src/stm32g0xx_hal.o
                0x20000008                uwTickPrio
 .data.Font_11x18
                0x2000000c        0x8 ./Lib/ssd1306/ssd1306_fonts.o
                0x2000000c                Font_11x18
 .data.Font_7x10
                0x20000014        0x8 ./Lib/ssd1306/ssd1306_fonts.o
                0x20000014                Font_7x10
 .data._impure_ptr
                0x2000001c        0x4 /opt/st/stm32cubeide_1.16.1/plugins/com.st.stm32cube.ide.mcu.externaltools.gnu-tools-for-stm32.12.3.rel1.linux64_1.0.200.202406132123/tools/bin/../lib/gcc/arm-none-eabi/12.3.1/../../../../arm-none-eabi/lib/thumb/v6-m/nofp/libc_nano.a(libc_a-impure.o)
                0x2000001c                _impure_ptr
 .data._impure_data
                0x20000020       0x4c /opt/st/stm32cubeide_1.16.1/plugins/com.st.stm32cube.ide.mcu.externaltools.gnu-tools-for-stm32.12.3.rel1.linux64_1.0.200.202406132123/tools/bin/../lib/gcc/arm-none-eabi/12.3.1/../../../../arm-none-eabi/lib/thumb/v6-m/nofp/libc_nano.a(libc_a-impure.o)
                0x20000020                _impure_data
 *(.RamFunc)
 *(.RamFunc*)
                0x2000006c                        . = ALIGN (0x4)
                0x2000006c                        _edata = .

.igot.plt       0x2000006c        0x0 load address 0x08005198
 .igot.plt      0x2000006c        0x0 /opt/st/stm32cubeide_1.16.1/plugins/com.st.stm32cube.ide.mcu.externaltools.gnu-tools-for-stm32.12.3.rel1.linux64_1.0.200.202406132123/tools/bin/../lib/gcc/arm-none-eabi/12.3.1/thumb/v6-m/nofp/crtbegin.o
                0x2000006c                        . = ALIGN (0x4)

.bss            0x2000006c      0x72c load address 0x08005198
                0x2000006c                        _sbss = .
                0x2000006c                        __bss_start__ = _sbss
 *(.bss)
 .bss           0x2000006c       0x1c /opt/st/stm32cubeide_1.16.1/plugins/com.st.stm32cube.ide.mcu.externaltools.gnu-tools-for-stm32.12.3.rel1.linux64_1.0.200.202406132123/tools/bin/../lib/gcc/arm-none-eabi/12.3.1/thumb/v6-m/nofp/crtbegin.o
 *(.bss*)
 .bss.hrtc      0x20000088       0x2c ./Core/Src/main.o
                0x20000088                hrtc
 .bss.hi2c2     0x200000b4       0x54 ./Core/Src/main.o
                0x200000b4                hi2c2
 .bss.hi2c1     0x20000108       0x54 ./Core/Src/main.o
                0x20000108                hi2c1
 .bss.__sbrk_heap_end
                0x2000015c        0x4 ./Core/Src/sysmem.o
 .bss.uwTick    0x20000160        0x4 ./Drivers/STM32G0xx_HAL_Driver/Src/stm32g0xx_hal.o
                0x20000160                uwTick
 .bss.aht30     0x20000164        0x2 ./System/App/app.o
                0x20000164                aht30
 *fill*         0x20000166        0x2 
 .bss.key_pad   0x20000168        0x4 ./System/App/app.o
                0x20000168                key_pad
 .bss.date_time
                0x2000016c       0x18 ./System/App/app.o
                0x2000016c                date_time
 .bss.oledPanel
                0x20000184      0x408 ./System/App/app.o
                0x20000184                oledPanel
 .bss._Z8date_mapB5cxx11
                0x2000058c       0xc0 ./System/App/app.o
                0x2000058c                date_map[abi:cxx11]
 .bss._ZN12_GLOBAL__N_113__new_handlerE
                0x2000064c        0x4 /opt/st/stm32cubeide_1.16.1/plugins/com.st.stm32cube.ide.mcu.externaltools.gnu-tools-for-stm32.12.3.rel1.linux64_1.0.200.202406132123/tools/bin/../lib/gcc/arm-none-eabi/12.3.1/../../../../arm-none-eabi/lib/thumb/v6-m/nofp/libstdc++_nano.a(new_handler.o)
 .bss.__malloc_sbrk_start
                0x20000650        0x4 /opt/st/stm32cubeide_1.16.1/plugins/com.st.stm32cube.ide.mcu.externaltools.gnu-tools-for-stm32.12.3.rel1.linux64_1.0.200.202406132123/tools/bin/../lib/gcc/arm-none-eabi/12.3.1/../../../../arm-none-eabi/lib/thumb/v6-m/nofp/libc_nano.a(libc_a-mallocr.o)
                0x20000650                __malloc_sbrk_start
 .bss.__malloc_free_list
                0x20000654        0x4 /opt/st/stm32cubeide_1.16.1/plugins/com.st.stm32cube.ide.mcu.externaltools.gnu-tools-for-stm32.12.3.rel1.linux64_1.0.200.202406132123/tools/bin/../lib/gcc/arm-none-eabi/12.3.1/../../../../arm-none-eabi/lib/thumb/v6-m/nofp/libc_nano.a(libc_a-mallocr.o)
                0x20000654                __malloc_free_list
 .bss.__sf      0x20000658      0x138 /opt/st/stm32cubeide_1.16.1/plugins/com.st.stm32cube.ide.mcu.externaltools.gnu-tools-for-stm32.12.3.rel1.linux64_1.0.200.202406132123/tools/bin/../lib/gcc/arm-none-eabi/12.3.1/../../../../arm-none-eabi/lib/thumb/v6-m/nofp/libc_nano.a(libc_a-findfp.o)
                0x20000658                __sf
 .bss.errno     0x20000790        0x4 /opt/st/stm32cubeide_1.16.1/plugins/com.st.stm32cube.ide.mcu.externaltools.gnu-tools-for-stm32.12.3.rel1.linux64_1.0.200.202406132123/tools/bin/../lib/gcc/arm-none-eabi/12.3.1/../../../../arm-none-eabi/lib/thumb/v6-m/nofp/libc_nano.a(libc_a-reent.o)
                0x20000790                errno
 .bss.__lock___malloc_recursive_mutex
                0x20000794        0x1 /opt/st/stm32cubeide_1.16.1/plugins/com.st.stm32cube.ide.mcu.externaltools.gnu-tools-for-stm32.12.3.rel1.linux64_1.0.200.202406132123/tools/bin/../lib/gcc/arm-none-eabi/12.3.1/../../../../arm-none-eabi/lib/thumb/v6-m/nofp/libc_nano.a(libc_a-lock.o)
                0x20000794                __lock___malloc_recursive_mutex
 *(COMMON)
                0x20000798                        . = ALIGN (0x4)
 *fill*         0x20000795        0x3 
                0x20000798                        _ebss = .
                0x20000798                        __bss_end__ = _ebss

._user_heap_stack
                0x20000798      0x600 load address 0x08005198
                0x20000798                        . = ALIGN (0x8)
                [!provide]                        PROVIDE (end = .)
                0x20000798                        PROVIDE (_end = .)
                0x20000998                        . = (. + _Min_Heap_Size)
 *fill*         0x20000798      0x200 
                0x20000d98                        . = (. + _Min_Stack_Size)
 *fill*         0x20000998      0x400 
                0x20000d98                        . = ALIGN (0x8)

/DISCARD/
 libc.a(*)
 libm.a(*)
 libgcc.a(*)

.ARM.attributes
                0x00000000       0x28
 *(.ARM.attributes)
 .ARM.attributes
                0x00000000       0x1e /opt/st/stm32cubeide_1.16.1/plugins/com.st.stm32cube.ide.mcu.externaltools.gnu-tools-for-stm32.12.3.rel1.linux64_1.0.200.202406132123/tools/bin/../lib/gcc/arm-none-eabi/12.3.1/thumb/v6-m/nofp/crti.o
 .ARM.attributes
                0x0000001e       0x2c /opt/st/stm32cubeide_1.16.1/plugins/com.st.stm32cube.ide.mcu.externaltools.gnu-tools-for-stm32.12.3.rel1.linux64_1.0.200.202406132123/tools/bin/../lib/gcc/arm-none-eabi/12.3.1/thumb/v6-m/nofp/crtbegin.o
 .ARM.attributes
                0x0000004a       0x2c ./Core/Src/main.o
 .ARM.attributes
                0x00000076       0x2c ./Core/Src/stm32g0xx_hal_msp.o
 .ARM.attributes
                0x000000a2       0x2c ./Core/Src/stm32g0xx_it.o
 .ARM.attributes
                0x000000ce       0x2c ./Core/Src/syscalls.o
 .ARM.attributes
                0x000000fa       0x2c ./Core/Src/sysmem.o
 .ARM.attributes
                0x00000126       0x2c ./Core/Src/system_stm32g0xx.o
 .ARM.attributes
                0x00000152       0x22 ./Core/Startup/startup_stm32g030f6px.o
 .ARM.attributes
                0x00000174       0x2c ./Drivers/STM32G0xx_HAL_Driver/Src/stm32g0xx_hal.o
 .ARM.attributes
                0x000001a0       0x2c ./Drivers/STM32G0xx_HAL_Driver/Src/stm32g0xx_hal_cortex.o
 .ARM.attributes
                0x000001cc       0x2c ./Drivers/STM32G0xx_HAL_Driver/Src/stm32g0xx_hal_gpio.o
 .ARM.attributes
                0x000001f8       0x2c ./Drivers/STM32G0xx_HAL_Driver/Src/stm32g0xx_hal_i2c.o
 .ARM.attributes
                0x00000224       0x2c ./Drivers/STM32G0xx_HAL_Driver/Src/stm32g0xx_hal_i2c_ex.o
 .ARM.attributes
                0x00000250       0x2c ./Drivers/STM32G0xx_HAL_Driver/Src/stm32g0xx_hal_pwr.o
 .ARM.attributes
                0x0000027c       0x2c ./Drivers/STM32G0xx_HAL_Driver/Src/stm32g0xx_hal_pwr_ex.o
 .ARM.attributes
                0x000002a8       0x2c ./Drivers/STM32G0xx_HAL_Driver/Src/stm32g0xx_hal_rcc.o
 .ARM.attributes
                0x000002d4       0x2c ./Drivers/STM32G0xx_HAL_Driver/Src/stm32g0xx_hal_rcc_ex.o
 .ARM.attributes
                0x00000300       0x2c ./Drivers/STM32G0xx_HAL_Driver/Src/stm32g0xx_hal_rtc.o
 .ARM.attributes
                0x0000032c       0x2c ./Lib/ssd1306/ssd1306.o
 .ARM.attributes
                0x00000358       0x2c ./Lib/ssd1306/ssd1306_fonts.o
 .ARM.attributes
                0x00000384       0x2c ./System/App/app.o
 .ARM.attributes
                0x000003b0       0x2c ./System/Key/key.o
 .ARM.attributes
                0x000003dc       0x2c ./System/Sensor/sensor.o
 .ARM.attributes
                0x00000408       0x2c ./System/Time/time.o
 .ARM.attributes
                0x00000434       0x2c /opt/st/stm32cubeide_1.16.1/plugins/com.st.stm32cube.ide.mcu.externaltools.gnu-tools-for-stm32.12.3.rel1.linux64_1.0.200.202406132123/tools/bin/../lib/gcc/arm-none-eabi/12.3.1/../../../../arm-none-eabi/lib/thumb/v6-m/nofp/libstdc++_nano.a(del_ops.o)
 .ARM.attributes
                0x00000460       0x2c /opt/st/stm32cubeide_1.16.1/plugins/com.st.stm32cube.ide.mcu.externaltools.gnu-tools-for-stm32.12.3.rel1.linux64_1.0.200.202406132123/tools/bin/../lib/gcc/arm-none-eabi/12.3.1/../../../../arm-none-eabi/lib/thumb/v6-m/nofp/libstdc++_nano.a(new_op.o)
 .ARM.attributes
                0x0000048c       0x2c /opt/st/stm32cubeide_1.16.1/plugins/com.st.stm32cube.ide.mcu.externaltools.gnu-tools-for-stm32.12.3.rel1.linux64_1.0.200.202406132123/tools/bin/../lib/gcc/arm-none-eabi/12.3.1/../../../../arm-none-eabi/lib/thumb/v6-m/nofp/libstdc++_nano.a(functexcept.o)
 .ARM.attributes
                0x000004b8       0x2c /opt/st/stm32cubeide_1.16.1/plugins/com.st.stm32cube.ide.mcu.externaltools.gnu-tools-for-stm32.12.3.rel1.linux64_1.0.200.202406132123/tools/bin/../lib/gcc/arm-none-eabi/12.3.1/../../../../arm-none-eabi/lib/thumb/v6-m/nofp/libstdc++_nano.a(del_op.o)
 .ARM.attributes
                0x000004e4       0x2c /opt/st/stm32cubeide_1.16.1/plugins/com.st.stm32cube.ide.mcu.externaltools.gnu-tools-for-stm32.12.3.rel1.linux64_1.0.200.202406132123/tools/bin/../lib/gcc/arm-none-eabi/12.3.1/../../../../arm-none-eabi/lib/thumb/v6-m/nofp/libstdc++_nano.a(new_handler.o)
 .ARM.attributes
                0x00000510       0x2c /opt/st/stm32cubeide_1.16.1/plugins/com.st.stm32cube.ide.mcu.externaltools.gnu-tools-for-stm32.12.3.rel1.linux64_1.0.200.202406132123/tools/bin/../lib/gcc/arm-none-eabi/12.3.1/../../../../arm-none-eabi/lib/thumb/v6-m/nofp/libc_nano.a(libc_a-abort.o)
 .ARM.attributes
                0x0000053c       0x2c /opt/st/stm32cubeide_1.16.1/plugins/com.st.stm32cube.ide.mcu.externaltools.gnu-tools-for-stm32.12.3.rel1.linux64_1.0.200.202406132123/tools/bin/../lib/gcc/arm-none-eabi/12.3.1/../../../../arm-none-eabi/lib/thumb/v6-m/nofp/libc_nano.a(libc_a-malloc.o)
 .ARM.attributes
                0x00000568       0x2c /opt/st/stm32cubeide_1.16.1/plugins/com.st.stm32cube.ide.mcu.externaltools.gnu-tools-for-stm32.12.3.rel1.linux64_1.0.200.202406132123/tools/bin/../lib/gcc/arm-none-eabi/12.3.1/../../../../arm-none-eabi/lib/thumb/v6-m/nofp/libc_nano.a(libc_a-mallocr.o)
 .ARM.attributes
                0x00000594       0x2c /opt/st/stm32cubeide_1.16.1/plugins/com.st.stm32cube.ide.mcu.externaltools.gnu-tools-for-stm32.12.3.rel1.linux64_1.0.200.202406132123/tools/bin/../lib/gcc/arm-none-eabi/12.3.1/../../../../arm-none-eabi/lib/thumb/v6-m/nofp/libc_nano.a(libc_a-mlock.o)
 .ARM.attributes
                0x000005c0       0x2c /opt/st/stm32cubeide_1.16.1/plugins/com.st.stm32cube.ide.mcu.externaltools.gnu-tools-for-stm32.12.3.rel1.linux64_1.0.200.202406132123/tools/bin/../lib/gcc/arm-none-eabi/12.3.1/../../../../arm-none-eabi/lib/thumb/v6-m/nofp/libc_nano.a(libc_a-findfp.o)
 .ARM.attributes
                0x000005ec       0x2c /opt/st/stm32cubeide_1.16.1/plugins/com.st.stm32cube.ide.mcu.externaltools.gnu-tools-for-stm32.12.3.rel1.linux64_1.0.200.202406132123/tools/bin/../lib/gcc/arm-none-eabi/12.3.1/../../../../arm-none-eabi/lib/thumb/v6-m/nofp/libc_nano.a(libc_a-sprintf.o)
 .ARM.attributes
                0x00000618       0x2c /opt/st/stm32cubeide_1.16.1/plugins/com.st.stm32cube.ide.mcu.externaltools.gnu-tools-for-stm32.12.3.rel1.linux64_1.0.200.202406132123/tools/bin/../lib/gcc/arm-none-eabi/12.3.1/../../../../arm-none-eabi/lib/thumb/v6-m/nofp/libc_nano.a(libc_a-memset.o)
 .ARM.attributes
                0x00000644       0x2c /opt/st/stm32cubeide_1.16.1/plugins/com.st.stm32cube.ide.mcu.externaltools.gnu-tools-for-stm32.12.3.rel1.linux64_1.0.200.202406132123/tools/bin/../lib/gcc/arm-none-eabi/12.3.1/../../../../arm-none-eabi/lib/thumb/v6-m/nofp/libc_nano.a(libc_a-signal.o)
 .ARM.attributes
                0x00000670       0x2c /opt/st/stm32cubeide_1.16.1/plugins/com.st.stm32cube.ide.mcu.externaltools.gnu-tools-for-stm32.12.3.rel1.linux64_1.0.200.202406132123/tools/bin/../lib/gcc/arm-none-eabi/12.3.1/../../../../arm-none-eabi/lib/thumb/v6-m/nofp/libc_nano.a(libc_a-reent.o)
 .ARM.attributes
                0x0000069c       0x2c /opt/st/stm32cubeide_1.16.1/plugins/com.st.stm32cube.ide.mcu.externaltools.gnu-tools-for-stm32.12.3.rel1.linux64_1.0.200.202406132123/tools/bin/../lib/gcc/arm-none-eabi/12.3.1/../../../../arm-none-eabi/lib/thumb/v6-m/nofp/libc_nano.a(libc_a-impure.o)
 .ARM.attributes
                0x000006c8       0x2c /opt/st/stm32cubeide_1.16.1/plugins/com.st.stm32cube.ide.mcu.externaltools.gnu-tools-for-stm32.12.3.rel1.linux64_1.0.200.202406132123/tools/bin/../lib/gcc/arm-none-eabi/12.3.1/../../../../arm-none-eabi/lib/thumb/v6-m/nofp/libc_nano.a(libc_a-signalr.o)
 .ARM.attributes
                0x000006f4       0x2c /opt/st/stm32cubeide_1.16.1/plugins/com.st.stm32cube.ide.mcu.externaltools.gnu-tools-for-stm32.12.3.rel1.linux64_1.0.200.202406132123/tools/bin/../lib/gcc/arm-none-eabi/12.3.1/../../../../arm-none-eabi/lib/thumb/v6-m/nofp/libc_nano.a(libc_a-sbrkr.o)
 .ARM.attributes
                0x00000720       0x2c /opt/st/stm32cubeide_1.16.1/plugins/com.st.stm32cube.ide.mcu.externaltools.gnu-tools-for-stm32.12.3.rel1.linux64_1.0.200.202406132123/tools/bin/../lib/gcc/arm-none-eabi/12.3.1/../../../../arm-none-eabi/lib/thumb/v6-m/nofp/libc_nano.a(libc_a-errno.o)
 .ARM.attributes
                0x0000074c       0x2c /opt/st/stm32cubeide_1.16.1/plugins/com.st.stm32cube.ide.mcu.externaltools.gnu-tools-for-stm32.12.3.rel1.linux64_1.0.200.202406132123/tools/bin/../lib/gcc/arm-none-eabi/12.3.1/../../../../arm-none-eabi/lib/thumb/v6-m/nofp/libc_nano.a(libc_a-init.o)
 .ARM.attributes
                0x00000778       0x2c /opt/st/stm32cubeide_1.16.1/plugins/com.st.stm32cube.ide.mcu.externaltools.gnu-tools-for-stm32.12.3.rel1.linux64_1.0.200.202406132123/tools/bin/../lib/gcc/arm-none-eabi/12.3.1/../../../../arm-none-eabi/lib/thumb/v6-m/nofp/libc_nano.a(libc_a-lock.o)
 .ARM.attributes
                0x000007a4       0x2c /opt/st/stm32cubeide_1.16.1/plugins/com.st.stm32cube.ide.mcu.externaltools.gnu-tools-for-stm32.12.3.rel1.linux64_1.0.200.202406132123/tools/bin/../lib/gcc/arm-none-eabi/12.3.1/../../../../arm-none-eabi/lib/thumb/v6-m/nofp/libc_nano.a(libc_a-memcpy-stub.o)
 .ARM.attributes
                0x000007d0       0x1c /opt/st/stm32cubeide_1.16.1/plugins/com.st.stm32cube.ide.mcu.externaltools.gnu-tools-for-stm32.12.3.rel1.linux64_1.0.200.202406132123/tools/bin/../lib/gcc/arm-none-eabi/12.3.1/../../../../arm-none-eabi/lib/thumb/v6-m/nofp/libc_nano.a(libc_a-strlen.o)
 .ARM.attributes
                0x000007ec       0x2c /opt/st/stm32cubeide_1.16.1/plugins/com.st.stm32cube.ide.mcu.externaltools.gnu-tools-for-stm32.12.3.rel1.linux64_1.0.200.202406132123/tools/bin/../lib/gcc/arm-none-eabi/12.3.1/../../../../arm-none-eabi/lib/thumb/v6-m/nofp/libc_nano.a(libc_a-freer.o)
 .ARM.attributes
                0x00000818       0x2c /opt/st/stm32cubeide_1.16.1/plugins/com.st.stm32cube.ide.mcu.externaltools.gnu-tools-for-stm32.12.3.rel1.linux64_1.0.200.202406132123/tools/bin/../lib/gcc/arm-none-eabi/12.3.1/../../../../arm-none-eabi/lib/thumb/v6-m/nofp/libc_nano.a(libc_a-nano-svfprintf.o)
 .ARM.attributes
                0x00000844       0x2c /opt/st/stm32cubeide_1.16.1/plugins/com.st.stm32cube.ide.mcu.externaltools.gnu-tools-for-stm32.12.3.rel1.linux64_1.0.200.202406132123/tools/bin/../lib/gcc/arm-none-eabi/12.3.1/../../../../arm-none-eabi/lib/thumb/v6-m/nofp/libc_nano.a(libc_a-nano-vfprintf_i.o)
 .ARM.attributes
                0x00000870       0x2c /opt/st/stm32cubeide_1.16.1/plugins/com.st.stm32cube.ide.mcu.externaltools.gnu-tools-for-stm32.12.3.rel1.linux64_1.0.200.202406132123/tools/bin/../lib/gcc/arm-none-eabi/12.3.1/../../../../arm-none-eabi/lib/thumb/v6-m/nofp/libc_nano.a(libc_a-memmove.o)
 .ARM.attributes
                0x0000089c       0x2c /opt/st/stm32cubeide_1.16.1/plugins/com.st.stm32cube.ide.mcu.externaltools.gnu-tools-for-stm32.12.3.rel1.linux64_1.0.200.202406132123/tools/bin/../lib/gcc/arm-none-eabi/12.3.1/../../../../arm-none-eabi/lib/thumb/v6-m/nofp/libc_nano.a(libc_a-memchr-stub.o)
 .ARM.attributes
                0x000008c8       0x2c /opt/st/stm32cubeide_1.16.1/plugins/com.st.stm32cube.ide.mcu.externaltools.gnu-tools-for-stm32.12.3.rel1.linux64_1.0.200.202406132123/tools/bin/../lib/gcc/arm-none-eabi/12.3.1/../../../../arm-none-eabi/lib/thumb/v6-m/nofp/libc_nano.a(libc_a-reallocr.o)
 .ARM.attributes
                0x000008f4       0x2c /opt/st/stm32cubeide_1.16.1/plugins/com.st.stm32cube.ide.mcu.externaltools.gnu-tools-for-stm32.12.3.rel1.linux64_1.0.200.202406132123/tools/bin/../lib/gcc/arm-none-eabi/12.3.1/../../../../arm-none-eabi/lib/thumb/v6-m/nofp/libc_nano.a(libc_a-msizer.o)
 .ARM.attributes
                0x00000920       0x1e /opt/st/stm32cubeide_1.16.1/plugins/com.st.stm32cube.ide.mcu.externaltools.gnu-tools-for-stm32.12.3.rel1.linux64_1.0.200.202406132123/tools/bin/../lib/gcc/arm-none-eabi/12.3.1/thumb/v6-m/nofp/libgcc.a(_thumb1_case_shi.o)
 .ARM.attributes
                0x0000093e       0x1e /opt/st/stm32cubeide_1.16.1/plugins/com.st.stm32cube.ide.mcu.externaltools.gnu-tools-for-stm32.12.3.rel1.linux64_1.0.200.202406132123/tools/bin/../lib/gcc/arm-none-eabi/12.3.1/thumb/v6-m/nofp/libgcc.a(_udivsi3.o)
 .ARM.attributes
                0x0000095c       0x1e /opt/st/stm32cubeide_1.16.1/plugins/com.st.stm32cube.ide.mcu.externaltools.gnu-tools-for-stm32.12.3.rel1.linux64_1.0.200.202406132123/tools/bin/../lib/gcc/arm-none-eabi/12.3.1/thumb/v6-m/nofp/libgcc.a(_dvmd_tls.o)
 .ARM.attributes
                0x0000097a       0x1e /opt/st/stm32cubeide_1.16.1/plugins/com.st.stm32cube.ide.mcu.externaltools.gnu-tools-for-stm32.12.3.rel1.linux64_1.0.200.202406132123/tools/bin/../lib/gcc/arm-none-eabi/12.3.1/thumb/v6-m/nofp/crtn.o
OUTPUT(Stm32g030_clock_cpp.elf elf32-littlearm)
LOAD linker stubs
LOAD /opt/st/stm32cubeide_1.16.1/plugins/com.st.stm32cube.ide.mcu.externaltools.gnu-tools-for-stm32.12.3.rel1.linux64_1.0.200.202406132123/tools/bin/../lib/gcc/arm-none-eabi/12.3.1/../../../../arm-none-eabi/lib/thumb/v6-m/nofp/libc.a
LOAD /opt/st/stm32cubeide_1.16.1/plugins/com.st.stm32cube.ide.mcu.externaltools.gnu-tools-for-stm32.12.3.rel1.linux64_1.0.200.202406132123/tools/bin/../lib/gcc/arm-none-eabi/12.3.1/../../../../arm-none-eabi/lib/thumb/v6-m/nofp/libm.a
LOAD /opt/st/stm32cubeide_1.16.1/plugins/com.st.stm32cube.ide.mcu.externaltools.gnu-tools-for-stm32.12.3.rel1.linux64_1.0.200.202406132123/tools/bin/../lib/gcc/arm-none-eabi/12.3.1/thumb/v6-m/nofp/libgcc.a

.debug_info     0x00000000    0x24f28
 .debug_info    0x00000000     0x65d9 ./Core/Src/main.o
 .debug_info    0x000065d9     0x1048 ./Core/Src/stm32g0xx_hal_msp.o
 .debug_info    0x00007621      0x129 ./Core/Src/stm32g0xx_it.o
 .debug_info    0x0000774a      0x7b5 ./Core/Src/syscalls.o
 .debug_info    0x00007eff      0x186 ./Core/Src/sysmem.o
 .debug_info    0x00008085      0x34e ./Core/Src/system_stm32g0xx.o
 .debug_info    0x000083d3       0x30 ./Core/Startup/startup_stm32g030f6px.o
 .debug_info    0x00008403      0x9e6 ./Drivers/STM32G0xx_HAL_Driver/Src/stm32g0xx_hal.o
 .debug_info    0x00008de9      0xa22 ./Drivers/STM32G0xx_HAL_Driver/Src/stm32g0xx_hal_cortex.o
 .debug_info    0x0000980b      0x5ef ./Drivers/STM32G0xx_HAL_Driver/Src/stm32g0xx_hal_gpio.o
 .debug_info    0x00009dfa     0x5b06 ./Drivers/STM32G0xx_HAL_Driver/Src/stm32g0xx_hal_i2c.o
 .debug_info    0x0000f900      0x9f2 ./Drivers/STM32G0xx_HAL_Driver/Src/stm32g0xx_hal_i2c_ex.o
 .debug_info    0x000102f2      0x5d3 ./Drivers/STM32G0xx_HAL_Driver/Src/stm32g0xx_hal_pwr.o
 .debug_info    0x000108c5      0x4f6 ./Drivers/STM32G0xx_HAL_Driver/Src/stm32g0xx_hal_pwr_ex.o
 .debug_info    0x00010dbb      0xd7d ./Drivers/STM32G0xx_HAL_Driver/Src/stm32g0xx_hal_rcc.o
 .debug_info    0x00011b38      0x81b ./Drivers/STM32G0xx_HAL_Driver/Src/stm32g0xx_hal_rcc_ex.o
 .debug_info    0x00012353     0x1599 ./Drivers/STM32G0xx_HAL_Driver/Src/stm32g0xx_hal_rtc.o
 .debug_info    0x000138ec     0x52bf ./Lib/ssd1306/ssd1306.o
 .debug_info    0x00018bab      0x216 ./Lib/ssd1306/ssd1306_fonts.o
 .debug_info    0x00018dc1     0xad7d ./System/App/app.o
 .debug_info    0x00023b3e      0x423 ./System/Key/key.o
 .debug_info    0x00023f61      0x8e3 ./System/Sensor/sensor.o
 .debug_info    0x00024844      0x6e4 ./System/Time/time.o

.debug_abbrev   0x00000000     0x42a9
 .debug_abbrev  0x00000000      0x7ac ./Core/Src/main.o
 .debug_abbrev  0x000007ac      0x242 ./Core/Src/stm32g0xx_hal_msp.o
 .debug_abbrev  0x000009ee       0xec ./Core/Src/stm32g0xx_it.o
 .debug_abbrev  0x00000ada      0x208 ./Core/Src/syscalls.o
 .debug_abbrev  0x00000ce2       0xdc ./Core/Src/sysmem.o
 .debug_abbrev  0x00000dbe      0x148 ./Core/Src/system_stm32g0xx.o
 .debug_abbrev  0x00000f06       0x24 ./Core/Startup/startup_stm32g030f6px.o
 .debug_abbrev  0x00000f2a      0x33f ./Drivers/STM32G0xx_HAL_Driver/Src/stm32g0xx_hal.o
 .debug_abbrev  0x00001269      0x2dc ./Drivers/STM32G0xx_HAL_Driver/Src/stm32g0xx_hal_cortex.o
 .debug_abbrev  0x00001545      0x26c ./Drivers/STM32G0xx_HAL_Driver/Src/stm32g0xx_hal_gpio.o
 .debug_abbrev  0x000017b1      0x409 ./Drivers/STM32G0xx_HAL_Driver/Src/stm32g0xx_hal_i2c.o
 .debug_abbrev  0x00001bba      0x1ff ./Drivers/STM32G0xx_HAL_Driver/Src/stm32g0xx_hal_i2c_ex.o
 .debug_abbrev  0x00001db9      0x174 ./Drivers/STM32G0xx_HAL_Driver/Src/stm32g0xx_hal_pwr.o
 .debug_abbrev  0x00001f2d      0x1fc ./Drivers/STM32G0xx_HAL_Driver/Src/stm32g0xx_hal_pwr_ex.o
 .debug_abbrev  0x00002129      0x36b ./Drivers/STM32G0xx_HAL_Driver/Src/stm32g0xx_hal_rcc.o
 .debug_abbrev  0x00002494      0x296 ./Drivers/STM32G0xx_HAL_Driver/Src/stm32g0xx_hal_rcc_ex.o
 .debug_abbrev  0x0000272a      0x31a ./Drivers/STM32G0xx_HAL_Driver/Src/stm32g0xx_hal_rtc.o
 .debug_abbrev  0x00002a44      0x68a ./Lib/ssd1306/ssd1306.o
 .debug_abbrev  0x000030ce       0xc6 ./Lib/ssd1306/ssd1306_fonts.o
 .debug_abbrev  0x00003194      0xa76 ./System/App/app.o
 .debug_abbrev  0x00003c0a      0x231 ./System/Key/key.o
 .debug_abbrev  0x00003e3b      0x258 ./System/Sensor/sensor.o
 .debug_abbrev  0x00004093      0x216 ./System/Time/time.o

.debug_aranges  0x00000000      0xaf8
 .debug_aranges
                0x00000000       0x30 ./Core/Src/main.o
 .debug_aranges
                0x00000030       0x40 ./Core/Src/stm32g0xx_hal_msp.o
 .debug_aranges
                0x00000070       0x48 ./Core/Src/stm32g0xx_it.o
 .debug_aranges
                0x000000b8       0xa8 ./Core/Src/syscalls.o
 .debug_aranges
                0x00000160       0x20 ./Core/Src/sysmem.o
 .debug_aranges
                0x00000180       0x28 ./Core/Src/system_stm32g0xx.o
 .debug_aranges
                0x000001a8       0x28 ./Core/Startup/startup_stm32g030f6px.o
 .debug_aranges
                0x000001d0      0x100 ./Drivers/STM32G0xx_HAL_Driver/Src/stm32g0xx_hal.o
 .debug_aranges
                0x000002d0       0xa0 ./Drivers/STM32G0xx_HAL_Driver/Src/stm32g0xx_hal_cortex.o
 .debug_aranges
                0x00000370       0x60 ./Drivers/STM32G0xx_HAL_Driver/Src/stm32g0xx_hal_gpio.o
 .debug_aranges
                0x000003d0      0x260 ./Drivers/STM32G0xx_HAL_Driver/Src/stm32g0xx_hal_i2c.o
 .debug_aranges
                0x00000630       0x48 ./Drivers/STM32G0xx_HAL_Driver/Src/stm32g0xx_hal_i2c_ex.o
 .debug_aranges
                0x00000678       0x78 ./Drivers/STM32G0xx_HAL_Driver/Src/stm32g0xx_hal_pwr.o
 .debug_aranges
                0x000006f0       0x98 ./Drivers/STM32G0xx_HAL_Driver/Src/stm32g0xx_hal_pwr_ex.o
 .debug_aranges
                0x00000788       0x98 ./Drivers/STM32G0xx_HAL_Driver/Src/stm32g0xx_hal_rcc.o
 .debug_aranges
                0x00000820       0x40 ./Drivers/STM32G0xx_HAL_Driver/Src/stm32g0xx_hal_rcc_ex.o
 .debug_aranges
                0x00000860       0xe8 ./Drivers/STM32G0xx_HAL_Driver/Src/stm32g0xx_hal_rtc.o
 .debug_aranges
                0x00000948       0xe0 ./Lib/ssd1306/ssd1306.o
 .debug_aranges
                0x00000a28       0x18 ./Lib/ssd1306/ssd1306_fonts.o
 .debug_aranges
                0x00000a40       0x48 ./System/App/app.o
 .debug_aranges
                0x00000a88       0x28 ./System/Key/key.o
 .debug_aranges
                0x00000ab0       0x20 ./System/Sensor/sensor.o
 .debug_aranges
                0x00000ad0       0x28 ./System/Time/time.o

.debug_rnglists
                0x00000000     0x1210
 .debug_rnglists
                0x00000000       0x51 ./Core/Src/main.o
 .debug_rnglists
                0x00000051       0x86 ./Core/Src/stm32g0xx_hal_msp.o
 .debug_rnglists
                0x000000d7       0x31 ./Core/Src/stm32g0xx_it.o
 .debug_rnglists
                0x00000108       0x85 ./Core/Src/syscalls.o
 .debug_rnglists
                0x0000018d       0x13 ./Core/Src/sysmem.o
 .debug_rnglists
                0x000001a0       0x1a ./Core/Src/system_stm32g0xx.o
 .debug_rnglists
                0x000001ba       0x19 ./Core/Startup/startup_stm32g030f6px.o
 .debug_rnglists
                0x000001d3       0xbb ./Drivers/STM32G0xx_HAL_Driver/Src/stm32g0xx_hal.o
 .debug_rnglists
                0x0000028e       0x9d ./Drivers/STM32G0xx_HAL_Driver/Src/stm32g0xx_hal_cortex.o
 .debug_rnglists
                0x0000032b       0x45 ./Drivers/STM32G0xx_HAL_Driver/Src/stm32g0xx_hal_gpio.o
 .debug_rnglists
                0x00000370      0x6e5 ./Drivers/STM32G0xx_HAL_Driver/Src/stm32g0xx_hal_i2c.o
 .debug_rnglists
                0x00000a55       0x4f ./Drivers/STM32G0xx_HAL_Driver/Src/stm32g0xx_hal_i2c_ex.o
 .debug_rnglists
                0x00000aa4       0x55 ./Drivers/STM32G0xx_HAL_Driver/Src/stm32g0xx_hal_pwr.o
 .debug_rnglists
                0x00000af9       0x6d ./Drivers/STM32G0xx_HAL_Driver/Src/stm32g0xx_hal_pwr_ex.o
 .debug_rnglists
                0x00000b66       0xb4 ./Drivers/STM32G0xx_HAL_Driver/Src/stm32g0xx_hal_rcc.o
 .debug_rnglists
                0x00000c1a       0x71 ./Drivers/STM32G0xx_HAL_Driver/Src/stm32g0xx_hal_rcc_ex.o
 .debug_rnglists
                0x00000c8b      0x18a ./Drivers/STM32G0xx_HAL_Driver/Src/stm32g0xx_hal_rtc.o
 .debug_rnglists
                0x00000e15      0x28e ./Lib/ssd1306/ssd1306.o
 .debug_rnglists
                0x000010a3      0x11b ./System/App/app.o
 .debug_rnglists
                0x000011be       0x25 ./System/Key/key.o
 .debug_rnglists
                0x000011e3       0x14 ./System/Sensor/sensor.o
 .debug_rnglists
                0x000011f7       0x19 ./System/Time/time.o

.debug_macro    0x00000000    0x1a7ce
 .debug_macro   0x00000000      0x6af ./Core/Src/main.o
 .debug_macro   0x000006af      0xc34 ./Core/Src/main.o
 .debug_macro   0x000012e3      0x11d ./Core/Src/main.o
 .debug_macro   0x00001400       0x2e ./Core/Src/main.o
 .debug_macro   0x0000142e       0x28 ./Core/Src/main.o
 .debug_macro   0x00001456       0x1c ./Core/Src/main.o
 .debug_macro   0x00001472       0x22 ./Core/Src/main.o
 .debug_macro   0x00001494       0x8e ./Core/Src/main.o
 .debug_macro   0x00001522       0x51 ./Core/Src/main.o
 .debug_macro   0x00001573      0x103 ./Core/Src/main.o
 .debug_macro   0x00001676       0x6a ./Core/Src/main.o
 .debug_macro   0x000016e0      0x1df ./Core/Src/main.o
 .debug_macro   0x000018bf       0x1c ./Core/Src/main.o
 .debug_macro   0x000018db       0x22 ./Core/Src/main.o
 .debug_macro   0x000018fd       0xd1 ./Core/Src/main.o
 .debug_macro   0x000019ce      0x4da ./Core/Src/main.o
 .debug_macro   0x00001ea8      0x11f ./Core/Src/main.o
 .debug_macro   0x00001fc7     0xa0e8 ./Core/Src/main.o
 .debug_macro   0x0000c0af       0x66 ./Core/Src/main.o
 .debug_macro   0x0000c115     0x350e ./Core/Src/main.o
 .debug_macro   0x0000f623      0x190 ./Core/Src/main.o
 .debug_macro   0x0000f7b3       0x5c ./Core/Src/main.o
 .debug_macro   0x0000f80f      0x462 ./Core/Src/main.o
 .debug_macro   0x0000fc71      0xe1a ./Core/Src/main.o
 .debug_macro   0x00010a8b      0x106 ./Core/Src/main.o
 .debug_macro   0x00010b91      0x1cf ./Core/Src/main.o
 .debug_macro   0x00010d60       0xff ./Core/Src/main.o
 .debug_macro   0x00010e5f      0x33c ./Core/Src/main.o
 .debug_macro   0x0001119b      0x202 ./Core/Src/main.o
 .debug_macro   0x0001139d      0x2c7 ./Core/Src/main.o
 .debug_macro   0x00011664      0x198 ./Core/Src/main.o
 .debug_macro   0x000117fc       0x43 ./Core/Src/main.o
 .debug_macro   0x0001183f      0x1f1 ./Core/Src/main.o
 .debug_macro   0x00011a30      0x1d6 ./Core/Src/main.o
 .debug_macro   0x00011c06      0x2a3 ./Core/Src/main.o
 .debug_macro   0x00011ea9       0x28 ./Core/Src/main.o
 .debug_macro   0x00011ed1       0xcf ./Core/Src/main.o
 .debug_macro   0x00011fa0      0x22c ./Core/Src/main.o
 .debug_macro   0x000121cc       0x67 ./Core/Src/main.o
 .debug_macro   0x00012233       0xa5 ./Core/Src/main.o
 .debug_macro   0x000122d8       0xff ./Core/Src/main.o
 .debug_macro   0x000123d7      0x10d ./Core/Src/main.o
 .debug_macro   0x000124e4      0x328 ./Core/Src/main.o
 .debug_macro   0x0001280c      0x432 ./Core/Src/main.o
 .debug_macro   0x00012c3e       0xf2 ./Core/Src/main.o
 .debug_macro   0x00012d30      0x412 ./Core/Src/main.o
 .debug_macro   0x00013142       0x64 ./Core/Src/main.o
 .debug_macro   0x000131a6      0x1d5 ./Core/Src/main.o
 .debug_macro   0x0001337b       0x10 ./Core/Src/main.o
 .debug_macro   0x0001338b       0xcf ./Core/Src/main.o
 .debug_macro   0x0001345a      0x103 ./Core/Src/main.o
 .debug_macro   0x0001355d      0x36f ./Core/Src/main.o
 .debug_macro   0x000138cc       0x61 ./Core/Src/main.o
 .debug_macro   0x0001392d       0x24 ./Core/Src/main.o
 .debug_macro   0x00013951       0x43 ./Core/Src/main.o
 .debug_macro   0x00013994       0x34 ./Core/Src/main.o
 .debug_macro   0x000139c8       0x16 ./Core/Src/main.o
 .debug_macro   0x000139de       0x43 ./Core/Src/main.o
 .debug_macro   0x00013a21       0x34 ./Core/Src/main.o
 .debug_macro   0x00013a55       0x10 ./Core/Src/main.o
 .debug_macro   0x00013a65       0x58 ./Core/Src/main.o
 .debug_macro   0x00013abd       0x8e ./Core/Src/main.o
 .debug_macro   0x00013b4b       0x16 ./Core/Src/main.o
 .debug_macro   0x00013b61      0x177 ./Core/Src/main.o
 .debug_macro   0x00013cd8       0x1c ./Core/Src/main.o
 .debug_macro   0x00013cf4       0x3c ./Core/Src/main.o
 .debug_macro   0x00013d30      0x38c ./Core/Src/main.o
 .debug_macro   0x000140bc       0x10 ./Core/Src/main.o
 .debug_macro   0x000140cc       0x10 ./Core/Src/main.o
 .debug_macro   0x000140dc       0x33 ./Core/Src/main.o
 .debug_macro   0x0001410f      0x173 ./Core/Src/main.o
 .debug_macro   0x00014282       0xa2 ./Core/Src/main.o
 .debug_macro   0x00014324       0x10 ./Core/Src/main.o
 .debug_macro   0x00014334       0x19 ./Core/Src/main.o
 .debug_macro   0x0001434d       0x26 ./Core/Src/main.o
 .debug_macro   0x00014373       0x17 ./Core/Src/main.o
 .debug_macro   0x0001438a       0x10 ./Core/Src/main.o
 .debug_macro   0x0001439a       0x28 ./Core/Src/main.o
 .debug_macro   0x000143c2       0x2e ./Core/Src/main.o
 .debug_macro   0x000143f0       0x11 ./Core/Src/main.o
 .debug_macro   0x00014401       0x1c ./Core/Src/main.o
 .debug_macro   0x0001441d       0x2c ./Core/Src/main.o
 .debug_macro   0x00014449       0x11 ./Core/Src/main.o
 .debug_macro   0x0001445a       0x18 ./Core/Src/main.o
 .debug_macro   0x00014472       0x10 ./Core/Src/main.o
 .debug_macro   0x00014482       0x35 ./Core/Src/main.o
 .debug_macro   0x000144b7       0x5e ./Core/Src/main.o
 .debug_macro   0x00014515       0x16 ./Core/Src/main.o
 .debug_macro   0x0001452b       0x52 ./Core/Src/main.o
 .debug_macro   0x0001457d       0x5e ./Core/Src/main.o
 .debug_macro   0x000145db       0x2c ./Core/Src/main.o
 .debug_macro   0x00014607       0x11 ./Core/Src/main.o
 .debug_macro   0x00014618       0x4f ./Core/Src/main.o
 .debug_macro   0x00014667       0x18 ./Core/Src/main.o
 .debug_macro   0x0001467f       0x11 ./Core/Src/main.o
 .debug_macro   0x00014690       0x88 ./Core/Src/main.o
 .debug_macro   0x00014718       0x19 ./Core/Src/main.o
 .debug_macro   0x00014731       0x1c ./Core/Src/main.o
 .debug_macro   0x0001474d       0x12 ./Core/Src/main.o
 .debug_macro   0x0001475f       0x17 ./Core/Src/main.o
 .debug_macro   0x00014776       0x11 ./Core/Src/main.o
 .debug_macro   0x00014787       0x10 ./Core/Src/main.o
 .debug_macro   0x00014797       0x17 ./Core/Src/main.o
 .debug_macro   0x000147ae       0x10 ./Core/Src/main.o
 .debug_macro   0x000147be       0x16 ./Core/Src/main.o
 .debug_macro   0x000147d4       0x16 ./Core/Src/main.o
 .debug_macro   0x000147ea       0x29 ./Core/Src/main.o
 .debug_macro   0x00014813       0x1c ./Core/Src/main.o
 .debug_macro   0x0001482f       0xde ./Core/Src/main.o
 .debug_macro   0x0001490d       0x1c ./Core/Src/main.o
 .debug_macro   0x00014929       0x10 ./Core/Src/main.o
 .debug_macro   0x00014939       0x16 ./Core/Src/main.o
 .debug_macro   0x0001494f      0x131 ./Core/Src/main.o
 .debug_macro   0x00014a80      0x11d ./Core/Src/main.o
 .debug_macro   0x00014b9d       0x10 ./Core/Src/main.o
 .debug_macro   0x00014bad      0x242 ./Core/Src/main.o
 .debug_macro   0x00014def       0x19 ./Core/Src/main.o
 .debug_macro   0x00014e08       0x18 ./Core/Src/main.o
 .debug_macro   0x00014e20      0x1f8 ./Core/Src/stm32g0xx_hal_msp.o
 .debug_macro   0x00015018      0xa8a ./Core/Src/stm32g0xx_hal_msp.o
 .debug_macro   0x00015aa2      0x4da ./Core/Src/stm32g0xx_hal_msp.o
 .debug_macro   0x00015f7c      0x189 ./Core/Src/stm32g0xx_hal_msp.o
 .debug_macro   0x00016105      0x202 ./Core/Src/stm32g0xx_it.o
 .debug_macro   0x00016307      0x274 ./Core/Src/syscalls.o
 .debug_macro   0x0001657b       0x5b ./Core/Src/syscalls.o
 .debug_macro   0x000165d6       0x94 ./Core/Src/syscalls.o
 .debug_macro   0x0001666a       0x34 ./Core/Src/syscalls.o
 .debug_macro   0x0001669e       0x57 ./Core/Src/syscalls.o
 .debug_macro   0x000166f5      0x369 ./Core/Src/syscalls.o
 .debug_macro   0x00016a5e       0x43 ./Core/Src/syscalls.o
 .debug_macro   0x00016aa1       0x1c ./Core/Src/syscalls.o
 .debug_macro   0x00016abd       0x10 ./Core/Src/syscalls.o
 .debug_macro   0x00016acd       0x35 ./Core/Src/syscalls.o
 .debug_macro   0x00016b02       0x10 ./Core/Src/syscalls.o
 .debug_macro   0x00016b12       0x10 ./Core/Src/syscalls.o
 .debug_macro   0x00016b22       0x10 ./Core/Src/syscalls.o
 .debug_macro   0x00016b32       0x1c ./Core/Src/syscalls.o
 .debug_macro   0x00016b4e       0x52 ./Core/Src/syscalls.o
 .debug_macro   0x00016ba0       0x22 ./Core/Src/syscalls.o
 .debug_macro   0x00016bc2       0x10 ./Core/Src/syscalls.o
 .debug_macro   0x00016bd2       0x52 ./Core/Src/syscalls.o
 .debug_macro   0x00016c24       0xcf ./Core/Src/syscalls.o
 .debug_macro   0x00016cf3       0x1c ./Core/Src/syscalls.o
 .debug_macro   0x00016d0f       0x3d ./Core/Src/syscalls.o
 .debug_macro   0x00016d4c       0x35 ./Core/Src/syscalls.o
 .debug_macro   0x00016d81      0x12c ./Core/Src/syscalls.o
 .debug_macro   0x00016ead       0x10 ./Core/Src/syscalls.o
 .debug_macro   0x00016ebd      0x146 ./Core/Src/syscalls.o
 .debug_macro   0x00017003      0x18a ./Core/Src/syscalls.o
 .debug_macro   0x0001718d       0x16 ./Core/Src/syscalls.o
 .debug_macro   0x000171a3       0xce ./Core/Src/syscalls.o
 .debug_macro   0x00017271       0xff ./Core/Src/sysmem.o
 .debug_macro   0x00017370      0x23c ./Core/Src/sysmem.o
 .debug_macro   0x000175ac      0x1e9 ./Core/Src/system_stm32g0xx.o
 .debug_macro   0x00017795      0x207 ./Drivers/STM32G0xx_HAL_Driver/Src/stm32g0xx_hal.o
 .debug_macro   0x0001799c      0x1e9 ./Drivers/STM32G0xx_HAL_Driver/Src/stm32g0xx_hal_cortex.o
 .debug_macro   0x00017b85      0x1f0 ./Drivers/STM32G0xx_HAL_Driver/Src/stm32g0xx_hal_gpio.o
 .debug_macro   0x00017d75      0x2b5 ./Drivers/STM32G0xx_HAL_Driver/Src/stm32g0xx_hal_i2c.o
 .debug_macro   0x0001802a      0x1e9 ./Drivers/STM32G0xx_HAL_Driver/Src/stm32g0xx_hal_i2c_ex.o
 .debug_macro   0x00018213      0x1e9 ./Drivers/STM32G0xx_HAL_Driver/Src/stm32g0xx_hal_pwr.o
 .debug_macro   0x000183fc      0x1fb ./Drivers/STM32G0xx_HAL_Driver/Src/stm32g0xx_hal_pwr_ex.o
 .debug_macro   0x000185f7      0x22b ./Drivers/STM32G0xx_HAL_Driver/Src/stm32g0xx_hal_rcc.o
 .debug_macro   0x00018822      0x201 ./Drivers/STM32G0xx_HAL_Driver/Src/stm32g0xx_hal_rcc_ex.o
 .debug_macro   0x00018a23      0x1ea ./Drivers/STM32G0xx_HAL_Driver/Src/stm32g0xx_hal_rtc.o
 .debug_macro   0x00018c0d      0x522 ./Lib/ssd1306/ssd1306.o
 .debug_macro   0x0001912f       0x4c ./Lib/ssd1306/ssd1306.o
 .debug_macro   0x0001917b       0x28 ./Lib/ssd1306/ssd1306.o
 .debug_macro   0x000191a3       0x16 ./Lib/ssd1306/ssd1306.o
 .debug_macro   0x000191b9      0x194 ./Lib/ssd1306/ssd1306.o
 .debug_macro   0x0001934d       0x10 ./Lib/ssd1306/ssd1306.o
 .debug_macro   0x0001935d       0x10 ./Lib/ssd1306/ssd1306.o
 .debug_macro   0x0001936d      0x3d5 ./Lib/ssd1306/ssd1306.o
 .debug_macro   0x00019742       0x16 ./Lib/ssd1306/ssd1306.o
 .debug_macro   0x00019758       0x16 ./Lib/ssd1306/ssd1306.o
 .debug_macro   0x0001976e       0x20 ./Lib/ssd1306/ssd1306.o
 .debug_macro   0x0001978e      0x120 ./Lib/ssd1306/ssd1306.o
 .debug_macro   0x000198ae       0x11 ./Lib/ssd1306/ssd1306.o
 .debug_macro   0x000198bf       0x17 ./Lib/ssd1306/ssd1306.o
 .debug_macro   0x000198d6       0x17 ./Lib/ssd1306/ssd1306.o
 .debug_macro   0x000198ed       0x17 ./Lib/ssd1306/ssd1306.o
 .debug_macro   0x00019904       0x17 ./Lib/ssd1306/ssd1306.o
 .debug_macro   0x0001991b       0x17 ./Lib/ssd1306/ssd1306.o
 .debug_macro   0x00019932       0x17 ./Lib/ssd1306/ssd1306.o
 .debug_macro   0x00019949       0xf0 ./Lib/ssd1306/ssd1306.o
 .debug_macro   0x00019a39       0x16 ./Lib/ssd1306/ssd1306.o
 .debug_macro   0x00019a4f       0x20 ./Lib/ssd1306/ssd1306.o
 .debug_macro   0x00019a6f       0x76 ./Lib/ssd1306/ssd1306_fonts.o
 .debug_macro   0x00019ae5      0x6d4 ./System/App/app.o
 .debug_macro   0x0001a1b9      0x207 ./System/Key/key.o
 .debug_macro   0x0001a3c0      0x207 ./System/Sensor/sensor.o
 .debug_macro   0x0001a5c7      0x207 ./System/Time/time.o

.debug_line     0x00000000    0x1878f
 .debug_line    0x00000000     0x17cf ./Core/Src/main.o
 .debug_line    0x000017cf      0x8d9 ./Core/Src/stm32g0xx_hal_msp.o
 .debug_line    0x000020a8      0x76b ./Core/Src/stm32g0xx_it.o
 .debug_line    0x00002813      0x8f0 ./Core/Src/syscalls.o
 .debug_line    0x00003103      0x4f5 ./Core/Src/sysmem.o
 .debug_line    0x000035f8      0x7af ./Core/Src/system_stm32g0xx.o
 .debug_line    0x00003da7       0x7b ./Core/Startup/startup_stm32g030f6px.o
 .debug_line    0x00003e22      0xb4a ./Drivers/STM32G0xx_HAL_Driver/Src/stm32g0xx_hal.o
 .debug_line    0x0000496c      0xbe6 ./Drivers/STM32G0xx_HAL_Driver/Src/stm32g0xx_hal_cortex.o
 .debug_line    0x00005552      0xc95 ./Drivers/STM32G0xx_HAL_Driver/Src/stm32g0xx_hal_gpio.o
 .debug_line    0x000061e7     0x7187 ./Drivers/STM32G0xx_HAL_Driver/Src/stm32g0xx_hal_i2c.o
 .debug_line    0x0000d36e      0xa6c ./Drivers/STM32G0xx_HAL_Driver/Src/stm32g0xx_hal_i2c_ex.o
 .debug_line    0x0000ddda      0x8e0 ./Drivers/STM32G0xx_HAL_Driver/Src/stm32g0xx_hal_pwr.o
 .debug_line    0x0000e6ba      0xa27 ./Drivers/STM32G0xx_HAL_Driver/Src/stm32g0xx_hal_pwr_ex.o
 .debug_line    0x0000f0e1     0x1460 ./Drivers/STM32G0xx_HAL_Driver/Src/stm32g0xx_hal_rcc.o
 .debug_line    0x00010541      0xc67 ./Drivers/STM32G0xx_HAL_Driver/Src/stm32g0xx_hal_rcc_ex.o
 .debug_line    0x000111a8     0x1c69 ./Drivers/STM32G0xx_HAL_Driver/Src/stm32g0xx_hal_rtc.o
 .debug_line    0x00012e11     0x23d1 ./Lib/ssd1306/ssd1306.o
 .debug_line    0x000151e2      0x370 ./Lib/ssd1306/ssd1306_fonts.o
 .debug_line    0x00015552     0x1bc5 ./System/App/app.o
 .debug_line    0x00017117      0x768 ./System/Key/key.o
 .debug_line    0x0001787f      0x77a ./System/Sensor/sensor.o
 .debug_line    0x00017ff9      0x796 ./System/Time/time.o

.debug_str      0x00000000    0x9a4bc
 .debug_str     0x00000000    0x8c465 ./Core/Src/main.o
                              0x8d0b8 (size before relaxing)
 .debug_str     0x0008c465      0x4c4 ./Core/Src/stm32g0xx_hal_msp.o
                              0x7d540 (size before relaxing)
 .debug_str     0x0008c929       0x91 ./Core/Src/stm32g0xx_it.o
                              0x7ca5d (size before relaxing)
 .debug_str     0x0008c9ba     0x1c79 ./Core/Src/syscalls.o
                               0x97b2 (size before relaxing)
 .debug_str     0x0008e633       0x6b ./Core/Src/sysmem.o
                               0x5fca (size before relaxing)
 .debug_str     0x0008e69e       0x9c ./Core/Src/system_stm32g0xx.o
                              0x7c999 (size before relaxing)
 .debug_str     0x0008e73a       0x44 ./Core/Startup/startup_stm32g030f6px.o
                                 0x82 (size before relaxing)
 .debug_str     0x0008e77e      0x46f ./Drivers/STM32G0xx_HAL_Driver/Src/stm32g0xx_hal.o
                              0x7d024 (size before relaxing)
 .debug_str     0x0008ebed      0x28e ./Drivers/STM32G0xx_HAL_Driver/Src/stm32g0xx_hal_cortex.o
                              0x7cddd (size before relaxing)
 .debug_str     0x0008ee7b      0x142 ./Drivers/STM32G0xx_HAL_Driver/Src/stm32g0xx_hal_gpio.o
                              0x7cac0 (size before relaxing)
 .debug_str     0x0008efbd      0xdfc ./Drivers/STM32G0xx_HAL_Driver/Src/stm32g0xx_hal_i2c.o
                              0x7dd4e (size before relaxing)
 .debug_str     0x0008fdb9       0x9b ./Drivers/STM32G0xx_HAL_Driver/Src/stm32g0xx_hal_i2c_ex.o
                              0x7cfca (size before relaxing)
 .debug_str     0x0008fe54      0x203 ./Drivers/STM32G0xx_HAL_Driver/Src/stm32g0xx_hal_pwr.o
                              0x7cb80 (size before relaxing)
 .debug_str     0x00090057      0x198 ./Drivers/STM32G0xx_HAL_Driver/Src/stm32g0xx_hal_pwr_ex.o
                              0x7cbed (size before relaxing)
 .debug_str     0x000901ef      0x49c ./Drivers/STM32G0xx_HAL_Driver/Src/stm32g0xx_hal_rcc.o
                              0x7d0bd (size before relaxing)
 .debug_str     0x0009068b      0x152 ./Drivers/STM32G0xx_HAL_Driver/Src/stm32g0xx_hal_rcc_ex.o
                              0x7ccd5 (size before relaxing)
 .debug_str     0x000907dd      0x29f ./Drivers/STM32G0xx_HAL_Driver/Src/stm32g0xx_hal_rtc.o
                              0x7ce55 (size before relaxing)
 .debug_str     0x00090a7c     0x3690 ./Lib/ssd1306/ssd1306.o
                              0x87e2e (size before relaxing)
 .debug_str     0x0009410c       0x82 ./Lib/ssd1306/ssd1306_fonts.o
                               0x3e03 (size before relaxing)
 .debug_str     0x0009418e     0x62aa ./System/App/app.o
                              0x92e22 (size before relaxing)
 .debug_str     0x0009a438       0x22 ./System/Key/key.o
                              0x7d476 (size before relaxing)
 .debug_str     0x0009a45a       0x26 ./System/Sensor/sensor.o
                              0x7da7a (size before relaxing)
 .debug_str     0x0009a480       0x3c ./System/Time/time.o
                              0x7d704 (size before relaxing)

.comment        0x00000000       0x43
 .comment       0x00000000       0x43 ./Core/Src/main.o
                                 0x44 (size before relaxing)
 .comment       0x00000043       0x44 ./Core/Src/stm32g0xx_hal_msp.o
 .comment       0x00000043       0x44 ./Core/Src/stm32g0xx_it.o
 .comment       0x00000043       0x44 ./Core/Src/syscalls.o
 .comment       0x00000043       0x44 ./Core/Src/sysmem.o
 .comment       0x00000043       0x44 ./Core/Src/system_stm32g0xx.o
 .comment       0x00000043       0x44 ./Drivers/STM32G0xx_HAL_Driver/Src/stm32g0xx_hal.o
 .comment       0x00000043       0x44 ./Drivers/STM32G0xx_HAL_Driver/Src/stm32g0xx_hal_cortex.o
 .comment       0x00000043       0x44 ./Drivers/STM32G0xx_HAL_Driver/Src/stm32g0xx_hal_gpio.o
 .comment       0x00000043       0x44 ./Drivers/STM32G0xx_HAL_Driver/Src/stm32g0xx_hal_i2c.o
 .comment       0x00000043       0x44 ./Drivers/STM32G0xx_HAL_Driver/Src/stm32g0xx_hal_i2c_ex.o
 .comment       0x00000043       0x44 ./Drivers/STM32G0xx_HAL_Driver/Src/stm32g0xx_hal_pwr.o
 .comment       0x00000043       0x44 ./Drivers/STM32G0xx_HAL_Driver/Src/stm32g0xx_hal_pwr_ex.o
 .comment       0x00000043       0x44 ./Drivers/STM32G0xx_HAL_Driver/Src/stm32g0xx_hal_rcc.o
 .comment       0x00000043       0x44 ./Drivers/STM32G0xx_HAL_Driver/Src/stm32g0xx_hal_rcc_ex.o
 .comment       0x00000043       0x44 ./Drivers/STM32G0xx_HAL_Driver/Src/stm32g0xx_hal_rtc.o
 .comment       0x00000043       0x44 ./Lib/ssd1306/ssd1306.o
 .comment       0x00000043       0x44 ./Lib/ssd1306/ssd1306_fonts.o
 .comment       0x00000043       0x44 ./System/App/app.o
 .comment       0x00000043       0x44 ./System/Key/key.o
 .comment       0x00000043       0x44 ./System/Sensor/sensor.o
 .comment       0x00000043       0x44 ./System/Time/time.o

.debug_frame    0x00000000     0x255c
 .debug_frame   0x00000000       0x58 ./Core/Src/main.o
 .debug_frame   0x00000058       0x88 ./Core/Src/stm32g0xx_hal_msp.o
 .debug_frame   0x000000e0       0x78 ./Core/Src/stm32g0xx_it.o
 .debug_frame   0x00000158      0x184 ./Core/Src/syscalls.o
 .debug_frame   0x000002dc       0x28 ./Core/Src/sysmem.o
 .debug_frame   0x00000304       0x38 ./Core/Src/system_stm32g0xx.o
 .debug_frame   0x0000033c      0x214 ./Drivers/STM32G0xx_HAL_Driver/Src/stm32g0xx_hal.o
 .debug_frame   0x00000550      0x130 ./Drivers/STM32G0xx_HAL_Driver/Src/stm32g0xx_hal_cortex.o
 .debug_frame   0x00000680       0xe4 ./Drivers/STM32G0xx_HAL_Driver/Src/stm32g0xx_hal_gpio.o
 .debug_frame   0x00000764      0x884 ./Drivers/STM32G0xx_HAL_Driver/Src/stm32g0xx_hal_i2c.o
 .debug_frame   0x00000fe8       0xbc ./Drivers/STM32G0xx_HAL_Driver/Src/stm32g0xx_hal_i2c_ex.o
 .debug_frame   0x000010a4       0xd8 ./Drivers/STM32G0xx_HAL_Driver/Src/stm32g0xx_hal_pwr.o
 .debug_frame   0x0000117c      0x124 ./Drivers/STM32G0xx_HAL_Driver/Src/stm32g0xx_hal_pwr_ex.o
 .debug_frame   0x000012a0      0x184 ./Drivers/STM32G0xx_HAL_Driver/Src/stm32g0xx_hal_rcc.o
 .debug_frame   0x00001424       0xa4 ./Drivers/STM32G0xx_HAL_Driver/Src/stm32g0xx_hal_rcc_ex.o
 .debug_frame   0x000014c8      0x2a4 ./Drivers/STM32G0xx_HAL_Driver/Src/stm32g0xx_hal_rtc.o
 .debug_frame   0x0000176c      0x360 ./Lib/ssd1306/ssd1306.o
 .debug_frame   0x00001acc       0xcc ./System/App/app.o
 .debug_frame   0x00001b98       0x40 ./System/Key/key.o
 .debug_frame   0x00001bd8       0x30 ./System/Sensor/sensor.o
 .debug_frame   0x00001c08       0x48 ./System/Time/time.o
 .debug_frame   0x00001c50       0x28 /opt/st/stm32cubeide_1.16.1/plugins/com.st.stm32cube.ide.mcu.externaltools.gnu-tools-for-stm32.12.3.rel1.linux64_1.0.200.202406132123/tools/bin/../lib/gcc/arm-none-eabi/12.3.1/../../../../arm-none-eabi/lib/thumb/v6-m/nofp/libstdc++_nano.a(del_ops.o)
 .debug_frame   0x00001c78       0x28 /opt/st/stm32cubeide_1.16.1/plugins/com.st.stm32cube.ide.mcu.externaltools.gnu-tools-for-stm32.12.3.rel1.linux64_1.0.200.202406132123/tools/bin/../lib/gcc/arm-none-eabi/12.3.1/../../../../arm-none-eabi/lib/thumb/v6-m/nofp/libstdc++_nano.a(new_op.o)
 .debug_frame   0x00001ca0      0x17c /opt/st/stm32cubeide_1.16.1/plugins/com.st.stm32cube.ide.mcu.externaltools.gnu-tools-for-stm32.12.3.rel1.linux64_1.0.200.202406132123/tools/bin/../lib/gcc/arm-none-eabi/12.3.1/../../../../arm-none-eabi/lib/thumb/v6-m/nofp/libstdc++_nano.a(functexcept.o)
 .debug_frame   0x00001e1c       0x28 /opt/st/stm32cubeide_1.16.1/plugins/com.st.stm32cube.ide.mcu.externaltools.gnu-tools-for-stm32.12.3.rel1.linux64_1.0.200.202406132123/tools/bin/../lib/gcc/arm-none-eabi/12.3.1/../../../../arm-none-eabi/lib/thumb/v6-m/nofp/libstdc++_nano.a(del_op.o)
 .debug_frame   0x00001e44       0x30 /opt/st/stm32cubeide_1.16.1/plugins/com.st.stm32cube.ide.mcu.externaltools.gnu-tools-for-stm32.12.3.rel1.linux64_1.0.200.202406132123/tools/bin/../lib/gcc/arm-none-eabi/12.3.1/../../../../arm-none-eabi/lib/thumb/v6-m/nofp/libstdc++_nano.a(new_handler.o)
 .debug_frame   0x00001e74       0x28 /opt/st/stm32cubeide_1.16.1/plugins/com.st.stm32cube.ide.mcu.externaltools.gnu-tools-for-stm32.12.3.rel1.linux64_1.0.200.202406132123/tools/bin/../lib/gcc/arm-none-eabi/12.3.1/../../../../arm-none-eabi/lib/thumb/v6-m/nofp/libc_nano.a(libc_a-abort.o)
 .debug_frame   0x00001e9c       0x40 /opt/st/stm32cubeide_1.16.1/plugins/com.st.stm32cube.ide.mcu.externaltools.gnu-tools-for-stm32.12.3.rel1.linux64_1.0.200.202406132123/tools/bin/../lib/gcc/arm-none-eabi/12.3.1/../../../../arm-none-eabi/lib/thumb/v6-m/nofp/libc_nano.a(libc_a-malloc.o)
 .debug_frame   0x00001edc       0x50 /opt/st/stm32cubeide_1.16.1/plugins/com.st.stm32cube.ide.mcu.externaltools.gnu-tools-for-stm32.12.3.rel1.linux64_1.0.200.202406132123/tools/bin/../lib/gcc/arm-none-eabi/12.3.1/../../../../arm-none-eabi/lib/thumb/v6-m/nofp/libc_nano.a(libc_a-mallocr.o)
 .debug_frame   0x00001f2c       0x40 /opt/st/stm32cubeide_1.16.1/plugins/com.st.stm32cube.ide.mcu.externaltools.gnu-tools-for-stm32.12.3.rel1.linux64_1.0.200.202406132123/tools/bin/../lib/gcc/arm-none-eabi/12.3.1/../../../../arm-none-eabi/lib/thumb/v6-m/nofp/libc_nano.a(libc_a-mlock.o)
 .debug_frame   0x00001f6c      0x138 /opt/st/stm32cubeide_1.16.1/plugins/com.st.stm32cube.ide.mcu.externaltools.gnu-tools-for-stm32.12.3.rel1.linux64_1.0.200.202406132123/tools/bin/../lib/gcc/arm-none-eabi/12.3.1/../../../../arm-none-eabi/lib/thumb/v6-m/nofp/libc_nano.a(libc_a-findfp.o)
 .debug_frame   0x000020a4       0x48 /opt/st/stm32cubeide_1.16.1/plugins/com.st.stm32cube.ide.mcu.externaltools.gnu-tools-for-stm32.12.3.rel1.linux64_1.0.200.202406132123/tools/bin/../lib/gcc/arm-none-eabi/12.3.1/../../../../arm-none-eabi/lib/thumb/v6-m/nofp/libc_nano.a(libc_a-sprintf.o)
 .debug_frame   0x000020ec       0x20 /opt/st/stm32cubeide_1.16.1/plugins/com.st.stm32cube.ide.mcu.externaltools.gnu-tools-for-stm32.12.3.rel1.linux64_1.0.200.202406132123/tools/bin/../lib/gcc/arm-none-eabi/12.3.1/../../../../arm-none-eabi/lib/thumb/v6-m/nofp/libc_nano.a(libc_a-memset.o)
 .debug_frame   0x0000210c       0xe0 /opt/st/stm32cubeide_1.16.1/plugins/com.st.stm32cube.ide.mcu.externaltools.gnu-tools-for-stm32.12.3.rel1.linux64_1.0.200.202406132123/tools/bin/../lib/gcc/arm-none-eabi/12.3.1/../../../../arm-none-eabi/lib/thumb/v6-m/nofp/libc_nano.a(libc_a-signal.o)
 .debug_frame   0x000021ec       0x2c /opt/st/stm32cubeide_1.16.1/plugins/com.st.stm32cube.ide.mcu.externaltools.gnu-tools-for-stm32.12.3.rel1.linux64_1.0.200.202406132123/tools/bin/../lib/gcc/arm-none-eabi/12.3.1/../../../../arm-none-eabi/lib/thumb/v6-m/nofp/libc_nano.a(libc_a-reent.o)
 .debug_frame   0x00002218       0x44 /opt/st/stm32cubeide_1.16.1/plugins/com.st.stm32cube.ide.mcu.externaltools.gnu-tools-for-stm32.12.3.rel1.linux64_1.0.200.202406132123/tools/bin/../lib/gcc/arm-none-eabi/12.3.1/../../../../arm-none-eabi/lib/thumb/v6-m/nofp/libc_nano.a(libc_a-signalr.o)
 .debug_frame   0x0000225c       0x2c /opt/st/stm32cubeide_1.16.1/plugins/com.st.stm32cube.ide.mcu.externaltools.gnu-tools-for-stm32.12.3.rel1.linux64_1.0.200.202406132123/tools/bin/../lib/gcc/arm-none-eabi/12.3.1/../../../../arm-none-eabi/lib/thumb/v6-m/nofp/libc_nano.a(libc_a-sbrkr.o)
 .debug_frame   0x00002288       0x20 /opt/st/stm32cubeide_1.16.1/plugins/com.st.stm32cube.ide.mcu.externaltools.gnu-tools-for-stm32.12.3.rel1.linux64_1.0.200.202406132123/tools/bin/../lib/gcc/arm-none-eabi/12.3.1/../../../../arm-none-eabi/lib/thumb/v6-m/nofp/libc_nano.a(libc_a-errno.o)
 .debug_frame   0x000022a8       0x2c /opt/st/stm32cubeide_1.16.1/plugins/com.st.stm32cube.ide.mcu.externaltools.gnu-tools-for-stm32.12.3.rel1.linux64_1.0.200.202406132123/tools/bin/../lib/gcc/arm-none-eabi/12.3.1/../../../../arm-none-eabi/lib/thumb/v6-m/nofp/libc_nano.a(libc_a-init.o)
 .debug_frame   0x000022d4       0xb0 /opt/st/stm32cubeide_1.16.1/plugins/com.st.stm32cube.ide.mcu.externaltools.gnu-tools-for-stm32.12.3.rel1.linux64_1.0.200.202406132123/tools/bin/../lib/gcc/arm-none-eabi/12.3.1/../../../../arm-none-eabi/lib/thumb/v6-m/nofp/libc_nano.a(libc_a-lock.o)
 .debug_frame   0x00002384       0x28 /opt/st/stm32cubeide_1.16.1/plugins/com.st.stm32cube.ide.mcu.externaltools.gnu-tools-for-stm32.12.3.rel1.linux64_1.0.200.202406132123/tools/bin/../lib/gcc/arm-none-eabi/12.3.1/../../../../arm-none-eabi/lib/thumb/v6-m/nofp/libc_nano.a(libc_a-memcpy-stub.o)
 .debug_frame   0x000023ac       0x2c /opt/st/stm32cubeide_1.16.1/plugins/com.st.stm32cube.ide.mcu.externaltools.gnu-tools-for-stm32.12.3.rel1.linux64_1.0.200.202406132123/tools/bin/../lib/gcc/arm-none-eabi/12.3.1/../../../../arm-none-eabi/lib/thumb/v6-m/nofp/libc_nano.a(libc_a-freer.o)