../Lib/ssd1306/ssd1306.cpp:9:6:void ssd1306::Reset()	0	static
../Lib/ssd1306/ssd1306.cpp:14:6:void ssd1306::WriteCommand(uint8_t)	32	static
../Lib/ssd1306/ssd1306.cpp:19:6:void ssd1306::WriteData(uint8_t*, size_t)	24	static
../Lib/ssd1306/ssd1306.cpp:58:17:SSD1306_Error_t ssd1306::FillBuffer(uint8_t*, uint32_t)	8	static
../Lib/ssd1306/ssd1306.cpp:169:6:void ssd1306::Fill(SSD1306_COLOR)	8	static
../Lib/ssd1306/ssd1306.cpp:174:6:void ssd1306::UpdateScreen()	72	static
../Lib/ssd1306/ssd1306.cpp:68:6:void ssd1306::Init()	64	static
../Lib/ssd1306/ssd1306.cpp:195:6:void ssd1306::DrawPixel(uint8_t, uint8_t, SSD1306_COLOR)	12	static
../Lib/ssd1306/ssd1306.cpp:215:6:char ssd1306::WriteChar(char, FontDef, SSD1306_COLOR)	72	static
../Lib/ssd1306/ssd1306.cpp:250:6:char ssd1306::WriteString(const char*, FontDef, SSD1306_COLOR)	32	static
../Lib/ssd1306/ssd1306.cpp:264:6:void ssd1306::SetCursor(uint8_t, uint8_t)	0	static
../Lib/ssd1306/ssd1306.cpp:270:6:void ssd1306::Line(uint8_t, uint8_t, uint8_t, uint8_t, SSD1306_COLOR)	56	static
../Lib/ssd1306/ssd1306.cpp:297:6:void ssd1306::Polyline(const SSD1306_VERTEX*, uint16_t, SSD1306_COLOR)	32	static
../Lib/ssd1306/ssd1306.cpp:332:6:void ssd1306::DrawArc(uint8_t, uint8_t, uint8_t, uint16_t, uint16_t, SSD1306_COLOR)	72	static
../Lib/ssd1306/ssd1306.cpp:372:6:void ssd1306::DrawArcWithRadiusLine(uint8_t, uint8_t, uint8_t, uint16_t, uint16_t, SSD1306_COLOR)	80	static
../Lib/ssd1306/ssd1306.cpp:415:6:void ssd1306::DrawCircle(uint8_t, uint8_t, uint8_t, SSD1306_COLOR)	56	static
../Lib/ssd1306/ssd1306.cpp:450:6:void ssd1306::FillCircle(uint8_t, uint8_t, uint8_t, SSD1306_COLOR)	64	static
../Lib/ssd1306/ssd1306.cpp:486:6:void ssd1306::DrawRectangle(uint8_t, uint8_t, uint8_t, uint8_t, SSD1306_COLOR)	40	static
../Lib/ssd1306/ssd1306.cpp:496:6:void ssd1306::FillRectangle(uint8_t, uint8_t, uint8_t, uint8_t, SSD1306_COLOR)	48	static
../Lib/ssd1306/ssd1306.cpp:511:6:void ssd1306::DrawBitmap(uint8_t, uint8_t, const unsigned char*, uint8_t, uint8_t, SSD1306_COLOR)	64	static
../Lib/ssd1306/ssd1306.cpp:535:6:void ssd1306::SetContrast(uint8_t)	56	static
../Lib/ssd1306/ssd1306.cpp:541:6:void ssd1306::DisplayOn()	32	static
../Lib/ssd1306/ssd1306.cpp:546:6:void ssd1306::DisplayOff()	32	static
../Lib/ssd1306/ssd1306.cpp:551:9:uint8_t ssd1306::GetDisplayOn()	0	static
../Lib/ssd1306/ssd1306.cpp:555:6:void ssd1306::ClearDisplay()	8	static
